Component: ARM Compiler 5.06 update 7 (build 960) Tool: armlink [4d3601]

==============================================================================

Section Cross References

    main.o(i.DHT11_read) refers to _printf_percent.o(.ARM.Collect$$_printf_percent$$00000000) for _printf_percent
    main.o(i.DHT11_read) refers to _printf_f.o(.ARM.Collect$$_printf_percent$$00000003) for _printf_f
    main.o(i.DHT11_read) refers to printf1.o(x$fpl$printf1) for _printf_fp_dec
    main.o(i.DHT11_read) refers to main.o(i.DHT_ReadData) for DHT_ReadData
    main.o(i.DHT11_read) refers to dflt_clz.o(x$fpl$dfltu) for __aeabi_ui2d
    main.o(i.DHT11_read) refers to ddiv.o(x$fpl$ddiv) for __aeabi_ddiv
    main.o(i.DHT11_read) refers to daddsub_clz.o(x$fpl$dadd) for __aeabi_dadd
    main.o(i.DHT11_read) refers to d2f.o(x$fpl$d2f) for __aeabi_d2f
    main.o(i.DHT11_read) refers to f2d.o(x$fpl$f2d) for __aeabi_f2d
    main.o(i.DHT11_read) refers to __2printf.o(.text) for __2printf
    main.o(i.DHT11_read) refers to tasks.o(i.vTaskDelay) for vTaskDelay
    main.o(i.DHT11_read) refers to main.o(.data) for h
    main.o(i.DHT_Init_InPut) refers to stm32f10x_rcc.o(i.RCC_APB2PeriphClockCmd) for RCC_APB2PeriphClockCmd
    main.o(i.DHT_Init_InPut) refers to stm32f10x_gpio.o(i.GPIO_Init) for GPIO_Init
    main.o(i.DHT_Init_OutPut) refers to stm32f10x_rcc.o(i.RCC_APB2PeriphClockCmd) for RCC_APB2PeriphClockCmd
    main.o(i.DHT_Init_OutPut) refers to stm32f10x_gpio.o(i.GPIO_Init) for GPIO_Init
    main.o(i.DHT_ReadBit) refers to stm32f10x_gpio.o(i.GPIO_ReadInputDataBit) for GPIO_ReadInputDataBit
    main.o(i.DHT_ReadBit) refers to delay.o(i.delay_us) for delay_us
    main.o(i.DHT_ReadByte) refers to main.o(i.DHT_ReadBit) for DHT_ReadBit
    main.o(i.DHT_ReadData) refers to main.o(i.DHT_Start) for DHT_Start
    main.o(i.DHT_ReadData) refers to main.o(i.DHT_Scan) for DHT_Scan
    main.o(i.DHT_ReadData) refers to main.o(i.DHT_ReadByte) for DHT_ReadByte
    main.o(i.DHT_ReadData) refers to main.o(i.DHT_Init_OutPut) for DHT_Init_OutPut
    main.o(i.DHT_ReadData) refers to stm32f10x_gpio.o(i.GPIO_SetBits) for GPIO_SetBits
    main.o(i.DHT_Scan) refers to stm32f10x_gpio.o(i.GPIO_ReadInputDataBit) for GPIO_ReadInputDataBit
    main.o(i.DHT_Start) refers to main.o(i.DHT_Init_OutPut) for DHT_Init_OutPut
    main.o(i.DHT_Start) refers to stm32f10x_gpio.o(i.GPIO_ResetBits) for GPIO_ResetBits
    main.o(i.DHT_Start) refers to delay.o(i.delay_us) for delay_us
    main.o(i.DHT_Start) refers to stm32f10x_gpio.o(i.GPIO_SetBits) for GPIO_SetBits
    main.o(i.DHT_Start) refers to main.o(i.DHT_Init_InPut) for DHT_Init_InPut
    main.o(i.ES8266_MQTT_Init) refers to _printf_percent.o(.ARM.Collect$$_printf_percent$$00000000) for _printf_percent
    main.o(i.ES8266_MQTT_Init) refers to _printf_d.o(.ARM.Collect$$_printf_percent$$00000009) for _printf_d
    main.o(i.ES8266_MQTT_Init) refers to _printf_s.o(.ARM.Collect$$_printf_percent$$00000014) for _printf_s
    main.o(i.ES8266_MQTT_Init) refers to _printf_dec.o(.text) for _printf_int_dec
    main.o(i.ES8266_MQTT_Init) refers to _printf_str.o(.text) for _printf_str
    main.o(i.ES8266_MQTT_Init) refers to __2printf.o(.text) for __2printf
    main.o(i.ES8266_MQTT_Init) refers to wifi.o(i.WiFi_Reset) for WiFi_Reset
    main.o(i.ES8266_MQTT_Init) refers to wifi.o(i.WiFi_JoinAP) for WiFi_JoinAP
    main.o(i.ES8266_MQTT_Init) refers to wifi.o(i.WiFi_GetIP) for WiFi_GetIP
    main.o(i.ES8266_MQTT_Init) refers to wifi.o(i.WiFi_SendCmd) for WiFi_SendCmd
    main.o(i.ES8266_MQTT_Init) refers to wifi.o(i.WiFi_Connect) for WiFi_Connect
    main.o(i.ES8266_MQTT_Init) refers to esp8266_mqtt.o(i.MQTT_Connect) for MQTT_Connect
    main.o(i.ES8266_MQTT_Init) refers to esp8266_mqtt.o(i.MQTT_SubscribeTopic) for MQTT_SubscribeTopic
    main.o(i.ES8266_MQTT_Init) refers to structure.o(.data) for WifiMsg
    main.o(i.ES8266_MQTT_Init) refers to main.o(.data) for Port
    main.o(i.ES8266_MQTT_Init) refers to main.o(.conststring) for .conststring
    main.o(i.led0_task) refers to _printf_percent.o(.ARM.Collect$$_printf_percent$$00000000) for _printf_percent
    main.o(i.led0_task) refers to _printf_f.o(.ARM.Collect$$_printf_percent$$00000003) for _printf_f
    main.o(i.led0_task) refers to printf1.o(x$fpl$printf1) for _printf_fp_dec
    main.o(i.led0_task) refers to bh1750.o(i.BH1750_Init) for BH1750_Init
    main.o(i.led0_task) refers to bh1750.o(i.LIght_Intensity) for LIght_Intensity
    main.o(i.led0_task) refers to f2d.o(x$fpl$f2d) for __aeabi_f2d
    main.o(i.led0_task) refers to __2printf.o(.text) for __2printf
    main.o(i.led0_task) refers to tasks.o(i.vTaskDelay) for vTaskDelay
    main.o(i.led0_task) refers to main.o(.data) for light
    main.o(i.main) refers to misc.o(i.NVIC_PriorityGroupConfig) for NVIC_PriorityGroupConfig
    main.o(i.main) refers to delay.o(i.delay_init) for delay_init
    main.o(i.main) refers to led.o(i.LED_Init) for LED_Init
    main.o(i.main) refers to usart.o(i.uart_init) for uart_init
[...]
    __Vectors_End                            0x08000130   Data           0  startup_stm32f10x_hd.o(RESET)
    __main                                   0x08000131   Thumb Code     8  __main.o(!!!main)
    __scatterload                            0x08000139   Thumb Code     0  __scatter.o(!!!scatter)
    __scatterload_rt2                        0x08000139   Thumb Code    44  __scatter.o(!!!scatter)
    __scatterload_rt2_thumb_only             0x08000139   Thumb Code     0  __scatter.o(!!!scatter)
    __scatterload_null                       0x08000147   Thumb Code     0  __scatter.o(!!!scatter)
    __scatterload_copy                       0x0800016d   Thumb Code    26  __scatter_copy.o(!!handler_copy)
    __scatterload_zeroinit                   0x08000189   Thumb Code    28  __scatter_zi.o(!!handler_zi)
    _printf_n                                0x080001a5   Thumb Code     0  _printf_n.o(.ARM.Collect$$_printf_percent$$00000001)
    _printf_percent                          0x080001a5   Thumb Code     0  _printf_percent.o(.ARM.Collect$$_printf_percent$$00000000)
    _printf_p                                0x080001ab   Thumb Code     0  _printf_p.o(.ARM.Collect$$_printf_percent$$00000002)
    _printf_f                                0x080001b1   Thumb Code     0  _printf_f.o(.ARM.Collect$$_printf_percent$$00000003)
    _printf_e                                0x080001b7   Thumb Code     0  _printf_e.o(.ARM.Collect$$_printf_percent$$00000004)
    _printf_g                                0x080001bd   Thumb Code     0  _printf_g.o(.ARM.Collect$$_printf_percent$$00000005)
    _printf_a                                0x080001c3   Thumb Code     0  _printf_a.o(.ARM.Collect$$_printf_percent$$00000006)
    _printf_ll                               0x080001c9   Thumb Code     0  _printf_ll.o(.ARM.Collect$$_printf_percent$$00000007)
    _printf_i                                0x080001d3   Thumb Code     0  _printf_i.o(.ARM.Collect$$_printf_percent$$00000008)
    _printf_d                                0x080001d9   Thumb Code     0  _printf_d.o(.ARM.Collect$$_printf_percent$$00000009)
    _printf_u                                0x080001df   Thumb Code     0  _printf_u.o(.ARM.Collect$$_printf_percent$$0000000A)
    _printf_o                                0x080001e5   Thumb Code     0  _printf_o.o(.ARM.Collect$$_printf_percent$$0000000B)
    _printf_x                                0x080001eb   Thumb Code     0  _printf_x.o(.ARM.Collect$$_printf_percent$$0000000C)
    _printf_lli                              0x080001f1   Thumb Code     0  _printf_lli.o(.ARM.Collect$$_printf_percent$$0000000D)
    _printf_lld                              0x080001f7   Thumb Code     0  _printf_lld.o(.ARM.Collect$$_printf_percent$$0000000E)
    _printf_llu                              0x080001fd   Thumb Code     0  _printf_llu.o(.ARM.Collect$$_printf_percent$$0000000F)
    _printf_llo                              0x08000203   Thumb Code     0  _printf_llo.o(.ARM.Collect$$_printf_percent$$00000010)
    _printf_llx                              0x08000209   Thumb Code     0  _printf_llx.o(.ARM.Collect$$_printf_percent$$00000011)
    _printf_l                                0x0800020f   Thumb Code     0  _printf_l.o(.ARM.Collect$$_printf_percent$$00000012)
    _printf_c                                0x08000219   Thumb Code     0  _printf_c.o(.ARM.Collect$$_printf_percent$$00000013)
    _printf_s                                0x0800021f   Thumb Code     0  _printf_s.o(.ARM.Collect$$_printf_percent$$00000014)
    _printf_lc                               0x08000225   Thumb Code     0  _printf_lc.o(.ARM.Collect$$_printf_percent$$00000015)
    _printf_ls                               0x0800022b   Thumb Code     0  _printf_ls.o(.ARM.Collect$$_printf_percent$$00000016)
    _printf_percent_end                      0x08000231   Thumb Code     0  _printf_percent_end.o(.ARM.Collect$$_printf_percent$$00000017)
    __rt_lib_init                            0x08000235   Thumb Code     0  libinit.o(.ARM.Collect$$libinit$$00000000)
    __rt_lib_init_fp_1                       0x08000237   Thumb Code     0  libinit2.o(.ARM.Collect$$libinit$$00000002)
    __rt_lib_init_heap_1                     0x08000237   Thumb Code     0  libinit2.o(.ARM.Collect$$libinit$$0000000A)
    __rt_lib_init_lc_common                  0x08000237   Thumb Code     0  libinit2.o(.ARM.Collect$$libinit$$0000000F)
    __rt_lib_init_preinit_1                  0x08000237   Thumb Code     0  libinit2.o(.ARM.Collect$$libinit$$00000004)
    __rt_lib_init_rand_1                     0x08000237   Thumb Code     0  libinit2.o(.ARM.Collect$$libinit$$0000000E)
    __rt_lib_init_user_alloc_1               0x08000237   Thumb Code     0  libinit2.o(.ARM.Collect$$libinit$$0000000C)
    __rt_lib_init_lc_collate_1               0x0800023d   Thumb Code     0  libinit2.o(.ARM.Collect$$libinit$$00000011)
    __rt_lib_init_lc_ctype_2                 0x0800023d   Thumb Code     0  libinit2.o(.ARM.Collect$$libinit$$00000012)
    __rt_lib_init_lc_ctype_1                 0x08000249   Thumb Code     0  libinit2.o(.ARM.Collect$$libinit$$00000013)
    __rt_lib_init_lc_monetary_1              0x08000249   Thumb Code     0  libinit2.o(.ARM.Collect$$libinit$$00000015)
    __rt_lib_init_lc_numeric_2               0x08000249   Thumb Code     0  libinit2.o(.ARM.Collect$$libinit$$00000016)
    __rt_lib_init_alloca_1                   0x08000253   Thumb Code     0  libinit2.o(.ARM.Collect$$libinit$$0000002E)
    __rt_lib_init_argv_1                     0x08000253   Thumb Code     0  libinit2.o(.ARM.Collect$$libinit$$0000002C)
    __rt_lib_init_atexit_1                   0x08000253   Thumb Code     0  libinit2.o(.ARM.Collect$$libinit$$0000001B)
    __rt_lib_init_clock_1                    0x08000253   Thumb Code     0  libinit2.o(.ARM.Collect$$libinit$$00000021)
    __rt_lib_init_cpp_1                      0x08000253   Thumb Code     0  libinit2.o(.ARM.Collect$$libinit$$00000032)
    __rt_lib_init_exceptions_1               0x08000253   Thumb Code     0  libinit2.o(.ARM.Collect$$libinit$$00000030)
    __rt_lib_init_fp_trap_1                  0x08000253   Thumb Code     0  libinit2.o(.ARM.Collect$$libinit$$0000001F)
    __rt_lib_init_getenv_1                   0x08000253   Thumb Code     0  libinit2.o(.ARM.Collect$$libinit$$00000023)
    __rt_lib_init_lc_numeric_1               0x08000253   Thumb Code     0  libinit2.o(.ARM.Collect$$libinit$$00000017)
    __rt_lib_init_lc_time_1                  0x08000253   Thumb Code     0  libinit2.o(.ARM.Collect$$libinit$$00000019)
    __rt_lib_init_return                     0x08000253   Thumb Code     0  libinit2.o(.ARM.Collect$$libinit$$00000033)
    __rt_lib_init_signal_1                   0x08000253   Thumb Code     0  libinit2.o(.ARM.Collect$$libinit$$0000001D)
    __rt_lib_init_stdio_1                    0x08000253   Thumb Code     0  libinit2.o(.ARM.Collect$$libinit$$00000025)
    __rt_lib_shutdown                        0x08000255   Thumb Code     0  libshutdown.o(.ARM.Collect$$libshutdown$$00000000)
    __rt_lib_shutdown_cpp_1                  0x08000257   Thumb Code     0  libshutdown2.o(.ARM.Collect$$libshutdown$$00000004)
    __rt_lib_shutdown_fini_1                 0x08000257   Thumb Code     0  libshutdown2.o(.ARM.Collect$$libshutdown$$00000002)
    __rt_lib_shutdown_fp_trap_1              0x08000257   Thumb Code     0  libshutdown2.o(.ARM.Collect$$libshutdown$$00000009)
    __rt_lib_shutdown_heap_1                 0x08000257   Thumb Code     0  libshutdown2.o(.ARM.Collect$$libshutdown$$00000011)
    __rt_lib_shutdown_return                 0x08000257   Thumb Code     0  libshutdown2.o(.ARM.Collect$$libshutdown$$00000012)
    __rt_lib_shutdown_signal_1               0x08000257   Thumb Code     0  libshutdown2.o(.ARM.Collect$$libshutdown$$0000000C)
    __rt_lib_shutdown_stdio_1                0x08000257   Thumb Code     0  libshutdown2.o(.ARM.Collect$$libshutdown$$00000006)
    __rt_lib_shutdown_user_alloc_1           0x08000257   Thumb Code     0  libshutdown2.o(.ARM.Collect$$libshutdown$$0000000E)
    __rt_entry                               0x08000259   Thumb Code     0  __rtentry.o(.ARM.Collect$$rtentry$$00000000)
    __rt_entry_presh_1                       0x08000259   Thumb Code     0  __rtentry2.o(.ARM.Collect$$rtentry$$00000002)
    __rt_entry_sh                            0x08000259   Thumb Code     0  __rtentry4.o(.ARM.Collect$$rtentry$$00000004)
    __rt_entry_li                            0x0800025f   Thumb Code     0  __rtentry2.o(.ARM.Collect$$rtentry$$0000000A)
    __rt_entry_postsh_1                      0x0800025f   Thumb Code     0  __rtentry2.o(.ARM.Collect$$rtentry$$00000009)
    __rt_entry_main                          0x08000263   Thumb Code     0  __rtentry2.o(.ARM.Collect$$rtentry$$0000000D)
    __rt_entry_postli_1                      0x08000263   Thumb Code     0  __rtentry2.o(.ARM.Collect$$rtentry$$0000000C)
    __rt_exit                                0x0800026b   Thumb Code     0  rtexit.o(.ARM.Collect$$rtexit$$00000000)
    __rt_exit_ls                             0x0800026d   Thumb Code     0  rtexit2.o(.ARM.Collect$$rtexit$$00000003)
    __rt_exit_prels_1                        0x0800026d   Thumb Code     0  rtexit2.o(.ARM.Collect$$rtexit$$00000002)
    __rt_exit_exit                           0x08000271   Thumb Code     0  rtexit2.o(.ARM.Collect$$rtexit$$00000004)
    SVC_Handler                              0x08000279   Thumb Code    32  port.o(.emb_text)
    __asm___6_port_c_39a90d8d__prvStartFirstTask 0x0800029d   Thumb Code    28  port.o(.emb_text)
    PendSV_Handler                           0x080002bd   Thumb Code    72  port.o(.emb_text)
    vPortGetIPSR                             0x08000309   Thumb Code     6  port.o(.emb_text)
    Reset_Handler                            0x08000311   Thumb Code     8  startup_stm32f10x_hd.o(.text)
    ADC1_2_IRQHandler                        0x0800032b   Thumb Code     0  startup_stm32f10x_hd.o(.text)
    ADC3_IRQHandler                          0x0800032b   Thumb Code     0  startup_stm32f10x_hd.o(.text)
    CAN1_RX1_IRQHandler                      0x0800032b   Thumb Code     0  startup_stm32f10x_hd.o(.text)
    CAN1_SCE_IRQHandler                      0x0800032b   Thumb Code     0  startup_stm32f10x_hd.o(.text)
    DMA1_Channel1_IRQHandler                 0x0800032b   Thumb Code     0  startup_stm32f10x_hd.o(.text)
    DMA1_Channel2_IRQHandler                 0x0800032b   Thumb Code     0  startup_stm32f10x_hd.o(.text)
    DMA1_Channel3_IRQHandler                 0x0800032b   Thumb Code     0  startup_stm32f10x_hd.o(.text)
    DMA1_Channel4_IRQHandler                 0x0800032b   Thumb Code     0  startup_stm32f10x_hd.o(.text)
    DMA1_Channel5_IRQHandler                 0x0800032b   Thumb Code     0  startup_stm32f10x_hd.o(.text)
    DMA1_Channel6_IRQHandler                 0x0800032b   Thumb Code     0  startup_stm32f10x_hd.o(.text)
    DMA1_Channel7_IRQHandler                 0x0800032b   Thumb Code     0  startup_stm32f10x_hd.o(.text)
    DMA2_Channel1_IRQHandler                 0x0800032b   Thumb Code     0  startup_stm32f10x_hd.o(.text)
    DMA2_Channel2_IRQHandler                 0x0800032b   Thumb Code     0  startup_stm32f10x_hd.o(.text)
    DMA2_Channel3_IRQHandler                 0x0800032b   Thumb Code     0  startup_stm32f10x_hd.o(.text)
    DMA2_Channel4_5_IRQHandler               0x0800032b   Thumb Code     0  startup_stm32f10x_hd.o(.text)
    EXTI0_IRQHandler                         0x0800032b   Thumb Code     0  startup_stm32f10x_hd.o(.text)
    EXTI15_10_IRQHandler                     0x0800032b   Thumb Code     0  startup_stm32f10x_hd.o(.text)
    EXTI1_IRQHandler                         0x0800032b   Thumb Code     0  startup_stm32f10x_hd.o(.text)
    EXTI2_IRQHandler                         0x0800032b   Thumb Code     0  startup_stm32f10x_hd.o(.text)
    EXTI3_IRQHandler                         0x0800032b   Thumb Code     0  startup_stm32f10x_hd.o(.text)
    EXTI4_IRQHandler                         0x0800032b   Thumb Code     0  startup_stm32f10x_hd.o(.text)
    EXTI9_5_IRQHandler                       0x0800032b   Thumb Code     0  startup_stm32f10x_hd.o(.text)
    FLASH_IRQHandler                         0x0800032b   Thumb Code     0  startup_stm32f10x_hd.o(.text)
    FSMC_IRQHandler                          0x0800032b   Thumb Code     0  startup_stm32f10x_hd.o(.text)
    I2C1_ER_IRQHandler                       0x0800032b   Thumb Code     0  startup_stm32f10x_hd.o(.text)
    I2C1_EV_IRQHandler                       0x0800032b   Thumb Code     0  startup_stm32f10x_hd.o(.text)
    I2C2_ER_IRQHandler                       0x0800032b   Thumb Code     0  startup_stm32f10x_hd.o(.text)
    I2C2_EV_IRQHandler                       0x0800032b   Thumb Code     0  startup_stm32f10x_hd.o(.text)
    PVD_IRQHandler                           0x0800032b   Thumb Code     0  startup_stm32f10x_hd.o(.text)
    RCC_IRQHandler                           0x0800032b   Thumb Code     0  startup_stm32f10x_hd.o(.text)
    RTCAlarm_IRQHandler                      0x0800032b   Thumb Code     0  startup_stm32f10x_hd.o(.text)
    RTC_IRQHandler                           0x0800032b   Thumb Code     0  startup_stm32f10x_hd.o(.text)
    SDIO_IRQHandler                          0x0800032b   Thumb Code     0  startup_stm32f10x_hd.o(.text)
    SPI1_IRQHandler                          0x0800032b   Thumb Code     0  startup_stm32f10x_hd.o(.text)
    SPI2_IRQHandler                          0x0800032b   Thumb Code     0  startup_stm32f10x_hd.o(.text)
    SPI3_IRQHandler                          0x0800032b   Thumb Code     0  startup_stm32f10x_hd.o(.text)
    TAMPER_IRQHandler                        0x0800032b   Thumb Code     0  startup_stm32f10x_hd.o(.text)
    TIM1_BRK_IRQHandler                      0x0800032b   Thumb Code     0  startup_stm32f10x_hd.o(.text)
    TIM1_CC_IRQHandler                       0x0800032b   Thumb Code     0  startup_stm32f10x_hd.o(.text)
    TIM1_TRG_COM_IRQHandler                  0x0800032b   Thumb Code     0  startup_stm32f10x_hd.o(.text)
    TIM1_UP_IRQHandler                       0x0800032b   Thumb Code     0  startup_stm32f10x_hd.o(.text)
    TIM2_IRQHandler                          0x0800032b   Thumb Code     0  startup_stm32f10x_hd.o(.text)
    TIM4_IRQHandler                          0x0800032b   Thumb Code     0  startup_stm32f10x_hd.o(.text)
    TIM5_IRQHandler                          0x0800032b   Thumb Code     0  startup_stm32f10x_hd.o(.text)
    TIM6_IRQHandler                          0x0800032b   Thumb Code     0  startup_stm32f10x_hd.o(.text)
    TIM7_IRQHandler                          0x0800032b   Thumb Code     0  startup_stm32f10x_hd.o(.text)
    TIM8_BRK_IRQHandler                      0x0800032b   Thumb Code     0  startup_stm32f10x_hd.o(.text)
    TIM8_CC_IRQHandler                       0x0800032b   Thumb Code     0  startup_stm32f10x_hd.o(.text)
    TIM8_TRG_COM_IRQHandler                  0x0800032b   Thumb Code     0  startup_stm32f10x_hd.o(.text)
    TIM8_UP_IRQHandler                       0x0800032b   Thumb Code     0  startup_stm32f10x_hd.o(.text)
    UART4_IRQHandler                         0x0800032b   Thumb Code     0  startup_stm32f10x_hd.o(.text)
    UART5_IRQHandler                         0x0800032b   Thumb Code     0  startup_stm32f10x_hd.o(.text)
    USART3_IRQHandler                        0x0800032b   Thumb Code     0  startup_stm32f10x_hd.o(.text)
    USBWakeUp_IRQHandler                     0x0800032b   Thumb Code     0  startup_stm32f10x_hd.o(.text)
    USB_HP_CAN1_TX_IRQHandler                0x0800032b   Thumb Code     0  startup_stm32f10x_hd.o(.text)
    USB_LP_CAN1_RX0_IRQHandler               0x0800032b   Thumb Code     0  startup_stm32f10x_hd.o(.text)
    WWDG_IRQHandler                          0x0800032b   Thumb Code     0  startup_stm32f10x_hd.o(.text)
    __user_initial_stackheap                 0x0800032d   Thumb Code     0  startup_stm32f10x_hd.o(.text)
    __use_no_semihosting                     0x08000351   Thumb Code     2  use_no_semi_2.o(.text)
    __c89vsprintf                            0x08000355   Thumb Code    32  c89vsprintf.o(.text)
    __2printf                                0x08000379   Thumb Code    20  __2printf.o(.text)
    __2sprintf                               0x08000391   Thumb Code    38  __2sprintf.o(.text)
    _printf_str                              0x080003bd   Thumb Code    82  _printf_str.o(.text)
    _printf_int_dec                          0x08000411   Thumb Code   104  _printf_dec.o(.text)
    __printf                                 0x08000489   Thumb Code   388  __printf_flags_ss_wp.o(.text)
    strstr                                   0x08000611   Thumb Code    36  strstr.o(.text)
    strcpy                                   0x08000635   Thumb Code    72  strcpy.o(.text)
    strlen                                   0x0800067d   Thumb Code    62  strlen.o(.text)
    __aeabi_memcpy                           0x080006bb   Thumb Code     0  rt_memcpy_v6.o(.text)
    __rt_memcpy                              0x080006bb   Thumb Code   138  rt_memcpy_v6.o(.text)
    _memcpy_lastbytes                        0x08000721   Thumb Code     0  rt_memcpy_v6.o(.text)
    __aeabi_memset                           0x08000745   Thumb Code    16  aeabi_memset.o(.text)
    __aeabi_memclr                           0x08000755   Thumb Code     0  rt_memclr.o(.text)
    __rt_memclr                              0x08000755   Thumb Code    68  rt_memclr.o(.text)
    _memset                                  0x08000759   Thumb Code     0  rt_memclr.o(.text)
    __aeabi_memclr4                          0x08000799   Thumb Code     0  rt_memclr_w.o(.text)
    __aeabi_memclr8                          0x08000799   Thumb Code     0  rt_memclr_w.o(.text)
    __rt_memclr_w                            0x08000799   Thumb Code    78  rt_memclr_w.o(.text)
    _memset_w                                0x0800079d   Thumb Code     0  rt_memclr_w.o(.text)
    __use_two_region_memory                  0x080007e7   Thumb Code     2  heapauxi.o(.text)
    __rt_heap_escrow$2region                 0x080007e9   Thumb Code     2  heapauxi.o(.text)
    __rt_heap_expand$2region                 0x080007eb   Thumb Code     2  heapauxi.o(.text)
    __I$use$semihosting                      0x080007ed   Thumb Code     0  use_no_semi.o(.text)
    __use_no_semihosting_swi                 0x080007ed   Thumb Code     2  use_no_semi.o(.text)
    _printf_pre_padding                      0x080007ef   Thumb Code    44  _printf_pad.o(.text)
    _printf_post_padding                     0x0800081b   Thumb Code    34  _printf_pad.o(.text)
    _printf_truncate_signed                  0x0800083d   Thumb Code    18  _printf_truncate.o(.text)
    _printf_truncate_unsigned                0x0800084f   Thumb Code    18  _printf_truncate.o(.text)
    _printf_int_common                       0x08000861   Thumb Code   178  _printf_intcommon.o(.text)
    _printf_charcount                        0x08000913   Thumb Code    40  _printf_charcount.o(.text)
    __lib_sel_fp_printf                      0x0800093b   Thumb Code     2  _printf_fp_dec.o(.text)
    _printf_fp_dec_real                      0x08000aed   Thumb Code   620  _printf_fp_dec.o(.text)
    _printf_char_common                      0x08000d63   Thumb Code    32  _printf_char_common.o(.text)
    _sputc                                   0x08000d89   Thumb Code    10  _sputc.o(.text)
    _printf_cs_common                        0x08000d93   Thumb Code    20  _printf_char.o(.text)
    _printf_char                             0x08000da7   Thumb Code    16  _printf_char.o(.text)
    _printf_string                           0x08000db7   Thumb Code     8  _printf_char.o(.text)
    _printf_char_file                        0x08000dc1   Thumb Code    32  _printf_char_file.o(.text)
    _printf_wctomb                           0x08000de5   Thumb Code   182  _printf_wctomb.o(.text)
    _printf_longlong_dec                     0x08000ea1   Thumb Code   108  _printf_longlong_dec.o(.text)
    _printf_longlong_oct                     0x08000f1d   Thumb Code    66  _printf_oct_int_ll.o(.text)
    _printf_int_oct                          0x08000f5f   Thumb Code    24  _printf_oct_int_ll.o(.text)
    _printf_ll_oct                           0x08000f77   Thumb Code    12  _printf_oct_int_ll.o(.text)
    _printf_longlong_hex                     0x08000f8d   Thumb Code    86  _printf_hex_int_ll_ptr.o(.text)
    _printf_int_hex                          0x08000fe3   Thumb Code    28  _printf_hex_int_ll_ptr.o(.text)
    _printf_ll_hex                           0x08000fff   Thumb Code    12  _printf_hex_int_ll_ptr.o(.text)
    _printf_hex_ptr                          0x0800100b   Thumb Code    18  _printf_hex_int_ll_ptr.o(.text)
    __aeabi_memcpy4                          0x08001021   Thumb Code     0  rt_memcpy_w.o(.text)
    __aeabi_memcpy8                          0x08001021   Thumb Code     0  rt_memcpy_w.o(.text)
    __rt_memcpy_w                            0x08001021   Thumb Code   100  rt_memcpy_w.o(.text)
    _memcpy_lastbytes_aligned                0x08001069   Thumb Code     0  rt_memcpy_w.o(.text)
    __rt_locale                              0x08001085   Thumb Code     8  rt_locale_intlibspace.o(.text)
    _ll_udiv10                               0x0800108d   Thumb Code   138  lludiv10.o(.text)
    _printf_fp_infnan                        0x08001119   Thumb Code   112  _printf_fp_infnan.o(.text)
    _printf_lcs_common                       0x08001199   Thumb Code    20  _printf_wchar.o(.text)
    _printf_wchar                            0x080011ad   Thumb Code    16  _printf_wchar.o(.text)
    _printf_wstring                          0x080011bd   Thumb Code     8  _printf_wchar.o(.text)
    _btod_etento                             0x080011c5   Thumb Code   224  bigflt0.o(.text)
    ferror                                   0x080012a9   Thumb Code     8  ferror.o(.text)
    _wcrtomb                                 0x080012b1   Thumb Code    64  _wcrtomb.o(.text)
    __user_libspace                          0x080012f1   Thumb Code     8  libspace.o(.text)
    __user_perproc_libspace                  0x080012f1   Thumb Code     0  libspace.o(.text)
    __user_perthread_libspace                0x080012f1   Thumb Code     0  libspace.o(.text)
    __user_setup_stackheap                   0x080012f9   Thumb Code    74  sys_stackheap_outer.o(.text)
    __rt_ctype_table                         0x08001345   Thumb Code    16  rt_ctype_table.o(.text)
    exit                                     0x08001355   Thumb Code    18  exit.o(.text)
    strcmp                                   0x08001369   Thumb Code   128  strcmpv7m.o(.text)
    _btod_d2e                                0x080013e9   Thumb Code    62  btod.o(CL$$btod_d2e)
    _d2e_denorm_low                          0x08001427   Thumb Code    70  btod.o(CL$$btod_d2e_denorm_low)
    _d2e_norm_op1                            0x0800146d   Thumb Code    96  btod.o(CL$$btod_d2e_norm_op1)
    __btod_div_common                        0x080014cd   Thumb Code   696  btod.o(CL$$btod_div_common)
    _e2e                                     0x08001805   Thumb Code   220  btod.o(CL$$btod_e2e)
    _btod_ediv                               0x080018e1   Thumb Code    42  btod.o(CL$$btod_ediv)
    _btod_emul                               0x0800190b   Thumb Code    42  btod.o(CL$$btod_emul)
    __btod_mult_common                       0x08001935   Thumb Code   580  btod.o(CL$$btod_mult_common)
    BH1750_Byte_Write                        0x08001b79   Thumb Code    50  bh1750.o(i.BH1750_Byte_Write)
    BH1750_Init                              0x08001bab   Thumb Code    18  bh1750.o(i.BH1750_Init)
    BH1750_Power_ON                          0x08001bbd   Thumb Code    10  bh1750.o(i.BH1750_Power_ON)
    BH1750_Read_Measure                      0x08001bc7   Thumb Code    58  bh1750.o(i.BH1750_Read_Measure)
    BusFault_Handler                         0x08001c01   Thumb Code     4  stm32f10x_it.o(i.BusFault_Handler)
    DHT11_read                               0x08001c05   Thumb Code   160  main.o(i.DHT11_read)
    DHT_Init_InPut                           0x08001cd1   Thumb Code    38  main.o(i.DHT_Init_InPut)
    DHT_Init_OutPut                          0x08001cfd   Thumb Code    38  main.o(i.DHT_Init_OutPut)
    DHT_ReadBit                              0x08001d29   Thumb Code    62  main.o(i.DHT_ReadBit)
    DHT_ReadByte                             0x08001d6d   Thumb Code    34  main.o(i.DHT_ReadByte)
    DHT_ReadData                             0x08001d91   Thumb Code   108  main.o(i.DHT_ReadData)
    DHT_Scan                                 0x08001e01   Thumb Code    14  main.o(i.DHT_Scan)
    DHT_Start                                0x08001e15   Thumb Code    46  main.o(i.DHT_Start)
    DebugMon_Handler                         0x08001e49   Thumb Code     2  stm32f10x_it.o(i.DebugMon_Handler)
    ES8266_MQTT_Init                         0x08001e4d   Thumb Code   252  main.o(i.ES8266_MQTT_Init)
    GPIO_Init                                0x08002161   Thumb Code   278  stm32f10x_gpio.o(i.GPIO_Init)
    GPIO_ReadInputDataBit                    0x08002277   Thumb Code    18  stm32f10x_gpio.o(i.GPIO_ReadInputDataBit)
    GPIO_ResetBits                           0x08002289   Thumb Code     4  stm32f10x_gpio.o(i.GPIO_ResetBits)
    GPIO_SetBits                             0x0800228d   Thumb Code     4  stm32f10x_gpio.o(i.GPIO_SetBits)
    GPIO_WriteBit                            0x08002291   Thumb Code    10  stm32f10x_gpio.o(i.GPIO_WriteBit)
    HardFault_Handler                        0x0800229b   Thumb Code     4  stm32f10x_it.o(i.HardFault_Handler)
    LED_Init                                 0x080022d1   Thumb Code    60  led.o(i.LED_Init)
    LIght_Intensity                          0x08002311   Thumb Code    32  bh1750.o(i.LIght_Intensity)
    MQTT_Connect                             0x08002335   Thumb Code   550  esp8266_mqtt.o(i.MQTT_Connect)
    MQTT_PublishData                         0x0800256d   Thumb Code   266  esp8266_mqtt.o(i.MQTT_PublishData)
    MQTT_SendBuf                             0x08002685   Thumb Code    54  esp8266_mqtt.o(i.MQTT_SendBuf)
    MQTT_SentHeart                           0x080026c1   Thumb Code    12  esp8266_mqtt.o(i.MQTT_SentHeart)
    MQTT_SubscribeTopic                      0x080026d1   Thumb Code   326  esp8266_mqtt.o(i.MQTT_SubscribeTopic)
    MemManage_Handler                        0x08002829   Thumb Code     4  stm32f10x_it.o(i.MemManage_Handler)
    NMI_Handler                              0x0800282d   Thumb Code     2  stm32f10x_it.o(i.NMI_Handler)
    NVIC_Init                                0x08002831   Thumb Code   100  misc.o(i.NVIC_Init)
    NVIC_PriorityGroupConfig                 0x080028a1   Thumb Code    10  misc.o(i.NVIC_PriorityGroupConfig)
    RCC_APB1PeriphClockCmd                   0x080028b5   Thumb Code    26  stm32f10x_rcc.o(i.RCC_APB1PeriphClockCmd)
    RCC_APB1PeriphResetCmd                   0x080028d5   Thumb Code    26  stm32f10x_rcc.o(i.RCC_APB1PeriphResetCmd)
    RCC_APB2PeriphClockCmd                   0x080028f5   Thumb Code    26  stm32f10x_rcc.o(i.RCC_APB2PeriphClockCmd)
    RCC_APB2PeriphResetCmd                   0x08002915   Thumb Code    26  stm32f10x_rcc.o(i.RCC_APB2PeriphResetCmd)
    RCC_GetClocksFreq                        0x08002935   Thumb Code   192  stm32f10x_rcc.o(i.RCC_GetClocksFreq)
    SysTick_CLKSourceConfig                  0x08002af1   Thumb Code    40  misc.o(i.SysTick_CLKSourceConfig)
    SysTick_Handler                          0x08002b19   Thumb Code    16  delay.o(i.SysTick_Handler)
    SystemInit                               0x08002b29   Thumb Code    78  system_stm32f10x.o(i.SystemInit)
    TIM3_IRQHandler                          0x08002b89   Thumb Code   116  timer3.o(i.TIM3_IRQHandler)
    TIM_ClearFlag                            0x08002c21   Thumb Code     6  stm32f10x_tim.o(i.TIM_ClearFlag)
    TIM_ClearITPendingBit                    0x08002c27   Thumb Code     6  stm32f10x_tim.o(i.TIM_ClearITPendingBit)
    TIM_Cmd                                  0x08002c2d   Thumb Code    24  stm32f10x_tim.o(i.TIM_Cmd)
    TIM_DeInit                               0x08002c45   Thumb Code   424  stm32f10x_tim.o(i.TIM_DeInit)
    TIM_GetITStatus                          0x08002e2d   Thumb Code    34  stm32f10x_tim.o(i.TIM_GetITStatus)
    TIM_ITConfig                             0x08002e4f   Thumb Code    18  stm32f10x_tim.o(i.TIM_ITConfig)
    TIM_SetCounter                           0x08002e61   Thumb Code     4  stm32f10x_tim.o(i.TIM_SetCounter)
    TIM_TimeBaseInit                         0x08002e65   Thumb Code   122  stm32f10x_tim.o(i.TIM_TimeBaseInit)
    Timer3_Configuration                     0x08002f09   Thumb Code   118  timer3.o(i.Timer3_Configuration)
    USART1_IRQHandler                        0x08002f85   Thumb Code   122  usart.o(i.USART1_IRQHandler)
    USART2_IRQHandler                        0x0800300d   Thumb Code   118  uart2.o(i.USART2_IRQHandler)
    USART_Cmd                                0x08003099   Thumb Code    24  stm32f10x_usart.o(i.USART_Cmd)
    USART_GetITStatus                        0x080030b1   Thumb Code    84  stm32f10x_usart.o(i.USART_GetITStatus)
    USART_ITConfig                           0x08003105   Thumb Code    74  stm32f10x_usart.o(i.USART_ITConfig)
    USART_Init                               0x08003151   Thumb Code   210  stm32f10x_usart.o(i.USART_Init)
    USART_ReceiveData                        0x08003229   Thumb Code    10  stm32f10x_usart.o(i.USART_ReceiveData)
    UsageFault_Handler                       0x08003233   Thumb Code     4  stm32f10x_it.o(i.UsageFault_Handler)
    WiFi_Connect                             0x08003239   Thumb Code   192  wifi.o(i.WiFi_Connect)
    WiFi_GetIP                               0x08003375   Thumb Code   146  wifi.o(i.WiFi_GetIP)
    WiFi_JoinAP                              0x08003441   Thumb Code    88  wifi.o(i.WiFi_JoinAP)
    WiFi_Reset                               0x080034e5   Thumb Code   120  wifi.o(i.WiFi_Reset)
    WiFi_ResetIO_Init                        0x0800358d   Thumb Code    68  wifi.o(i.WiFi_ResetIO_Init)
    WiFi_SendCmd                             0x080035d5   Thumb Code    86  wifi.o(i.WiFi_SendCmd)
    __ARM_fpclassify                         0x08003649   Thumb Code    40  fpclassify.o(i.__ARM_fpclassify)
    _is_digit                                0x08003671   Thumb Code    14  __printf_wp.o(i._is_digit)
    _sys_exit                                0x0800367f   Thumb Code     4  usart.o(i._sys_exit)
    delay_init                               0x08003685   Thumb Code    74  delay.o(i.delay_init)
    delay_ms                                 0x080036e1   Thumb Code    62  delay.o(i.delay_ms)
    delay_us                                 0x08003725   Thumb Code    68  delay.o(i.delay_us)
    eTaskGetState                            0x0800376d   Thumb Code   102  tasks.o(i.eTaskGetState)
    fputc                                    0x0800380d   Thumb Code    24  usart.o(i.fputc)
    i2c_Ack                                  0x08003829   Thumb Code    44  bh1750.o(i.i2c_Ack)
    i2c_NAck                                 0x08003869   Thumb Code    36  bh1750.o(i.i2c_NAck)
    i2c_ReadByte                             0x08003891   Thumb Code    62  bh1750.o(i.i2c_ReadByte)
    i2c_SendByte                             0x080038d5   Thumb Code    80  bh1750.o(i.i2c_SendByte)
    i2c_Start                                0x08003929   Thumb Code    42  bh1750.o(i.i2c_Start)
    i2c_Stop                                 0x08003959   Thumb Code    28  bh1750.o(i.i2c_Stop)
    i2c_WaitAck                              0x08003979   Thumb Code    56  bh1750.o(i.i2c_WaitAck)
    led0_task                                0x080039b5   Thumb Code    44  main.o(i.led0_task)
    main                                     0x080039fd   Thumb Code   106  main.o(i.main)
    print_TASK                               0x08003aa1   Thumb Code    32  main.o(i.print_TASK)
    pvPortMalloc                             0x080046a9   Thumb Code   262  heap_4.o(i.pvPortMalloc)
    pvTaskIncrementMutexHeldCount            0x080047fd   Thumb Code    26  tasks.o(i.pvTaskIncrementMutexHeldCount)
    pxPortInitialiseStack                    0x0800481d   Thumb Code    30  port.o(i.pxPortInitialiseStack)
    start_task                               0x08004841   Thumb Code   116  main.o(i.start_task)
    u2_printf                                0x0800490d   Thumb Code    90  uart2.o(i.u2_printf)
    uart2_init                               0x08004975   Thumb Code   156  uart2.o(i.uart2_init)
    uart_init                                0x08004a19   Thumb Code   154  usart.o(i.uart_init)
    uxListRemove                             0x08004abd   Thumb Code    40  list.o(i.uxListRemove)
    uxTaskGetSystemState                     0x08004ae5   Thumb Code   152  tasks.o(i.uxTaskGetSystemState)
    vListInitialise                          0x08004b95   Thumb Code    26  list.o(i.vListInitialise)
    vListInitialiseItem                      0x08004baf   Thumb Code     6  list.o(i.vListInitialiseItem)
    vListInsert                              0x08004bb5   Thumb Code    52  list.o(i.vListInsert)
    vListInsertEnd                           0x08004be9   Thumb Code    24  list.o(i.vListInsertEnd)
    vPortEnterCritical                       0x08004c01   Thumb Code    68  port.o(i.vPortEnterCritical)
    vPortExitCritical                        0x08004c89   Thumb Code    48  port.o(i.vPortExitCritical)
    vPortFree                                0x08004cf9   Thumb Code   120  heap_4.o(i.vPortFree)
    vPortSetupTimerInterrupt                 0x08004db1   Thumb Code    26  port.o(i.vPortSetupTimerInterrupt)
    vPortValidateInterruptPriority           0x08004dd1   Thumb Code    86  port.o(i.vPortValidateInterruptPriority)
    vQueueAddToRegistry                      0x08004e71   Thumb Code    38  queue.o(i.vQueueAddToRegistry)
    vQueueWaitForMessageRestricted           0x08004e9d   Thumb Code    74  queue.o(i.vQueueWaitForMessageRestricted)
    vTaskDelay                               0x08004ee9   Thumb Code    72  tasks.o(i.vTaskDelay)
    vTaskDelete                              0x08004f5d   Thumb Code   192  tasks.o(i.vTaskDelete)
    vTaskGetInfo                             0x08005069   Thumb Code   114  tasks.o(i.vTaskGetInfo)
    vTaskList                                0x080050e1   Thumb Code   204  tasks.o(i.vTaskList)
    vTaskMissedYield                         0x080051c1   Thumb Code     8  tasks.o(i.vTaskMissedYield)
    vTaskPlaceOnEventList                    0x080051cd   Thumb Code    42  tasks.o(i.vTaskPlaceOnEventList)
    vTaskPlaceOnEventListRestricted          0x08005221   Thumb Code    50  tasks.o(i.vTaskPlaceOnEventListRestricted)
    vTaskPriorityInherit                     0x0800527d   Thumb Code   164  tasks.o(i.vTaskPriorityInherit)
    vTaskSetTimeOutState                     0x0800532d   Thumb Code    32  tasks.o(i.vTaskSetTimeOutState)
    vTaskStartScheduler                      0x08005379   Thumb Code   108  tasks.o(i.vTaskStartScheduler)
    vTaskSuspendAll                          0x08005425   Thumb Code    12  tasks.o(i.vTaskSuspendAll)
    vTaskSwitchContext                       0x08005435   Thumb Code   110  tasks.o(i.vTaskSwitchContext)
    wifi_task                                0x080054dd   Thumb Code   414  main.o(i.wifi_task)
    xPortStartScheduler                      0x0800579d   Thumb Code   140  port.o(i.xPortStartScheduler)
    xPortSysTickHandler                      0x0800583d   Thumb Code    46  port.o(i.xPortSysTickHandler)
    xQueueGenericCreate                      0x08005871   Thumb Code    78  queue.o(i.xQueueGenericCreate)
    xQueueGenericReceive                     0x080058e5   Thumb Code   416  queue.o(i.xQueueGenericReceive)
    xQueueGenericReset                       0x08005aad   Thumb Code   136  queue.o(i.xQueueGenericReset)
    xQueueGenericSend                        0x08005b5d   Thumb Code   412  queue.o(i.xQueueGenericSend)
    xQueueGenericSendFromISR                 0x08005d21   Thumb Code   234  queue.o(i.xQueueGenericSendFromISR)
    xTaskCheckForTimeOut                     0x08005e31   Thumb Code   116  tasks.o(i.xTaskCheckForTimeOut)
    xTaskCreate                              0x08005ed1   Thumb Code    96  tasks.o(i.xTaskCreate)
    xTaskGetSchedulerState                   0x08005f31   Thumb Code    24  tasks.o(i.xTaskGetSchedulerState)
    xTaskGetTickCount                        0x08005f51   Thumb Code     6  tasks.o(i.xTaskGetTickCount)
    xTaskIncrementTick                       0x08005f5d   Thumb Code   272  tasks.o(i.xTaskIncrementTick)
    xTaskPriorityDisinherit                  0x080060bd   Thumb Code   168  tasks.o(i.xTaskPriorityDisinherit)
    xTaskRemoveFromEventList                 0x08006195   Thumb Code   118  tasks.o(i.xTaskRemoveFromEventList)
    xTaskResumeAll                           0x08006249   Thumb Code   214  tasks.o(i.xTaskResumeAll)
    xTimerCreateTimerTask                    0x08006369   Thumb Code    56  timers.o(i.xTimerCreateTimerTask)
    xTimerGenericCommand                     0x080063dd   Thumb Code   118  timers.o(i.xTimerGenericCommand)
    _get_lc_numeric                          0x08006481   Thumb Code    44  lc_numeric_c.o(locale$$code)
    _get_lc_ctype                            0x080064ad   Thumb Code    44  lc_ctype_c.o(locale$$code)
    __aeabi_d2f                              0x080064d9   Thumb Code     0  d2f.o(x$fpl$d2f)
    _d2f                                     0x080064d9   Thumb Code    98  d2f.o(x$fpl$d2f)
    __aeabi_dadd                             0x0800653d   Thumb Code     0  daddsub_clz.o(x$fpl$dadd)
    _dadd                                    0x0800653d   Thumb Code   332  daddsub_clz.o(x$fpl$dadd)
    __aeabi_ddiv                             0x0800668d   Thumb Code     0  ddiv.o(x$fpl$ddiv)
    _ddiv                                    0x0800668d   Thumb Code   552  ddiv.o(x$fpl$ddiv)
    __aeabi_ui2d                             0x0800693d   Thumb Code     0  dflt_clz.o(x$fpl$dfltu)
    _dfltu                                   0x0800693d   Thumb Code    38  dflt_clz.o(x$fpl$dfltu)
    __fpl_dnaninf                            0x08006963   Thumb Code   156  dnaninf.o(x$fpl$dnaninf)
    __fpl_dretinf                            0x080069ff   Thumb Code    12  dretinf.o(x$fpl$dretinf)
    __aeabi_dsub                             0x08006a0d   Thumb Code     0  daddsub_clz.o(x$fpl$dsub)
    _dsub                                    0x08006a0d   Thumb Code   464  daddsub_clz.o(x$fpl$dsub)
    __aeabi_f2d                              0x08006be1   Thumb Code     0  f2d.o(x$fpl$f2d)
    _f2d                                     0x08006be1   Thumb Code    86  f2d.o(x$fpl$f2d)
    __aeabi_fdiv                             0x08006c39   Thumb Code     0  fdiv.o(x$fpl$fdiv)
    _fdiv                                    0x08006c39   Thumb Code   384  fdiv.o(x$fpl$fdiv)
    __aeabi_ui2f                             0x08006dbd   Thumb Code     0  fflt_clz.o(x$fpl$ffltu)
    _ffltu                                   0x08006dbd   Thumb Code    38  fflt_clz.o(x$fpl$ffltu)
    __aeabi_fmul                             0x08006de5   Thumb Code     0  fmul.o(x$fpl$fmul)
    _fmul                                    0x08006de5   Thumb Code   258  fmul.o(x$fpl$fmul)
    __fpl_fnaninf                            0x08006ee7   Thumb Code   140  fnaninf.o(x$fpl$fnaninf)
    __fpl_fretinf                            0x08006f73   Thumb Code    10  fretinf.o(x$fpl$fretinf)
    _printf_fp_dec                           0x08006f7d   Thumb Code     4  printf1.o(x$fpl$printf1)
    __I$use$fp                               0x08006f80   Number         0  usenofp.o(x$fpl$usenofp)
    parket_connetAck                         0x08006f80   Data           4  esp8266_mqtt.o(.constdata)
    parket_disconnet                         0x08006f84   Data           2  esp8266_mqtt.o(.constdata)
    parket_heart                             0x08006f86   Data           2  esp8266_mqtt.o(.constdata)
    parket_heart_reply                       0x08006f88   Data           2  esp8266_mqtt.o(.constdata)
    parket_subAck                            0x08006f8a   Data           2  esp8266_mqtt.o(.constdata)
    Region$$Table$$Base                      0x080071f0   Number         0  anon$$obj.o(Region$$Table)
    Region$$Table$$Limit                     0x08007210   Number         0  anon$$obj.o(Region$$Table)
    __ctype                                  0x08007239   Data           0  lc_ctype_c.o(locale$$data)
    IP                                       0x20000004   Data           4  main.o(.data)
    Port                                     0x20000008   Data           4  main.o(.data)
    print_Task_Handler                       0x2000000c   Data           4  main.o(.data)
    StartTask_Handler                        0x20000010   Data           4  main.o(.data)
    LED0Task_Handler                         0x20000014   Data           4  main.o(.data)
    DHT11Task_Handler                        0x20000018   Data           4  main.o(.data)
    WIFITask_Handler                         0x2000001c   Data           4  main.o(.data)
    Wifi_Message_Queue                       0x20000020   Data           4  main.o(.data)
    light                                    0x20000024   Data           4  main.o(.data)
    h                                        0x20000028   Data           4  main.o(.data)
    t                                        0x2000002c   Data           4  main.o(.data)
    SystemCoreClock                          0x20000030   Data           4  system_stm32f10x.o(.data)
    AHBPrescTable                            0x20000034   Data          16  system_stm32f10x.o(.data)
    __stdout                                 0x20000048   Data           4  usart.o(.data)
    USART_RX_STA                             0x2000004c   Data           2  usart.o(.data)
    Usart2_RxCounter                         0x20000064   Data           2  uart2.o(.data)
    length                                   0x20000068   Data           4  uart2.o(.data)
    WifiMsg                                  0x2000006c   Data           8  structure.o(.data)
    pxCurrentTCB                             0x20000074   Data           4  tasks.o(.data)
    MQTT_TxLen                               0x200000e8   Data           2  esp8266_mqtt.o(.data)
    mqtt_message                             0x200000ec   Data         300  main.o(.bss)
    USART_RX_BUF                             0x20000418   Data         200  usart.o(.bss)
    Usart2_RxBuff                            0x200004e0   Data         512  uart2.o(.bss)
    Usart2_TxBuff                            0x200006e0   Data         512  uart2.o(.bss)
    RXbuff                                   0x200008e0   Data        2048  timer3.o(.bss)
    TXbuff                                   0x200010e0   Data        2048  timer3.o(.bss)
    xQueueRegistry                           0x200018e0   Data          64  queue.o(.bss)
    __libspace_start                         0x2000442c   Data          96  libspace.o(.bss)
    __temporary_stack_top$libspace           0x2000448c   Data           0  libspace.o(.bss)



==============================================================================

Memory Map of the image

  Image Entry point : 0x08000311

  Load Region LR_1 (Base: 0x08000000, Size: 0x00007428, Max: 0xffffffff, ABSOLUTE)

    Execution Region ER_RO (Exec base: 0x08000000, Load base: 0x08000000, Size: 0x0000733c, Max: 0xffffffff, ABSOLUTE)

    Exec Addr    Load Addr    Size         Type   Attr      Idx    E Section Name        Object

    0x08000000   0x08000000   0x00000130   Data   RO          500    RESET               startup_stm32f10x_hd.o
    0x08000130   0x08000130   0x00000008   Code   RO         4953  * !!!main             c_w.l(__main.o)
    0x08000138   0x08000138   0x00000034   Code   RO         5289    !!!scatter          c_w.l(__scatter.o)
    0x0800016c   0x0800016c   0x0000001a   Code   RO         5291    !!handler_copy      c_w.l(__scatter_copy.o)
    0x08000186   0x08000186   0x00000002   PAD
    0x08000188   0x08000188   0x0000001c   Code   RO         5293    !!handler_zi        c_w.l(__scatter_zi.o)
    0x080001a4   0x080001a4   0x00000000   Code   RO         4930    .ARM.Collect$$_printf_percent$$00000000  c_w.l(_printf_percent.o)
    0x080001a4   0x080001a4   0x00000006   Code   RO         5042    .ARM.Collect$$_printf_percent$$00000001  c_w.l(_printf_n.o)
    0x080001aa   0x080001aa   0x00000006   Code   RO         5044    .ARM.Collect$$_printf_percent$$00000002  c_w.l(_printf_p.o)
    0x080001b0   0x080001b0   0x00000006   Code   RO         4929    .ARM.Collect$$_printf_percent$$00000003  c_w.l(_printf_f.o)
    0x080001b6   0x080001b6   0x00000006   Code   RO         5047    .ARM.Collect$$_printf_percent$$00000004  c_w.l(_printf_e.o)
    0x080001bc   0x080001bc   0x00000006   Code   RO         5048    .ARM.Collect$$_printf_percent$$00000005  c_w.l(_printf_g.o)
    0x080001c2   0x080001c2   0x00000006   Code   RO         5049    .ARM.Collect$$_printf_percent$$00000006  c_w.l(_printf_a.o)
    0x080001c8   0x080001c8   0x0000000a   Code   RO         5054    .ARM.Collect$$_printf_percent$$00000007  c_w.l(_printf_ll.o)
    0x080001d2   0x080001d2   0x00000006   Code   RO         5046    .ARM.Collect$$_printf_percent$$00000008  c_w.l(_printf_i.o)
    0x080001d8   0x080001d8   0x00000006   Code   RO         4927    .ARM.Collect$$_printf_percent$$00000009  c_w.l(_printf_d.o)
    0x080001de   0x080001de   0x00000006   Code   RO         4928    .ARM.Collect$$_printf_percent$$0000000A  c_w.l(_printf_u.o)
    0x080001e4   0x080001e4   0x00000006   Code   RO         5045    .ARM.Collect$$_printf_percent$$0000000B  c_w.l(_printf_o.o)
    0x080001ea   0x080001ea   0x00000006   Code   RO         5043    .ARM.Collect$$_printf_percent$$0000000C  c_w.l(_printf_x.o)
    0x080001f0   0x080001f0   0x00000006   Code   RO         5051    .ARM.Collect$$_printf_percent$$0000000D  c_w.l(_printf_lli.o)
    0x080001f6   0x080001f6   0x00000006   Code   RO         5052    .ARM.Collect$$_printf_percent$$0000000E  c_w.l(_printf_lld.o)
    0x080001fc   0x080001fc   0x00000006   Code   RO         5053    .ARM.Collect$$_printf_percent$$0000000F  c_w.l(_printf_llu.o)
    0x08000202   0x08000202   0x00000006   Code   RO         5058    .ARM.Collect$$_printf_percent$$00000010  c_w.l(_printf_llo.o)
    0x08000208   0x08000208   0x00000006   Code   RO         5059    .ARM.Collect$$_printf_percent$$00000011  c_w.l(_printf_llx.o)
    0x0800020e   0x0800020e   0x0000000a   Code   RO         5055    .ARM.Collect$$_printf_percent$$00000012  c_w.l(_printf_l.o)
    0x08000218   0x08000218   0x00000006   Code   RO         4925    .ARM.Collect$$_printf_percent$$00000013  c_w.l(_printf_c.o)
    0x0800021e   0x0800021e   0x00000006   Code   RO         4926    .ARM.Collect$$_printf_percent$$00000014  c_w.l(_printf_s.o)
    0x08000224   0x08000224   0x00000006   Code   RO         5056    .ARM.Collect$$_printf_percent$$00000015  c_w.l(_printf_lc.o)
    0x0800022a   0x0800022a   0x00000006   Code   RO         5057    .ARM.Collect$$_printf_percent$$00000016  c_w.l(_printf_ls.o)
    0x08000230   0x08000230   0x00000004   Code   RO         5050    .ARM.Collect$$_printf_percent$$00000017  c_w.l(_printf_percent_end.o)
    0x08000234   0x08000234   0x00000002   Code   RO         5161    .ARM.Collect$$libinit$$00000000  c_w.l(libinit.o)
    0x08000236   0x08000236   0x00000000   Code   RO         5163    .ARM.Collect$$libinit$$00000002  c_w.l(libinit2.o)
    0x08000236   0x08000236   0x00000000   Code   RO         5165    .ARM.Collect$$libinit$$00000004  c_w.l(libinit2.o)
    0x08000236   0x08000236   0x00000000   Code   RO         5168    .ARM.Collect$$libinit$$0000000A  c_w.l(libinit2.o)
    0x08000236   0x08000236   0x00000000   Code   RO         5170    .ARM.Collect$$libinit$$0000000C  c_w.l(libinit2.o)
    0x08000236   0x08000236   0x00000000   Code   RO         5172    .ARM.Collect$$libinit$$0000000E  c_w.l(libinit2.o)
    0x08000236   0x08000236   0x00000006   Code   RO         5173    .ARM.Collect$$libinit$$0000000F  c_w.l(libinit2.o)
    0x0800023c   0x0800023c   0x00000000   Code   RO         5175    .ARM.Collect$$libinit$$00000011  c_w.l(libinit2.o)
    0x0800023c   0x0800023c   0x0000000c   Code   RO         5176    .ARM.Collect$$libinit$$00000012  c_w.l(libinit2.o)
    0x08000248   0x08000248   0x00000000   Code   RO         5177    .ARM.Collect$$libinit$$00000013  c_w.l(libinit2.o)
    0x08000248   0x08000248   0x00000000   Code   RO         5179    .ARM.Collect$$libinit$$00000015  c_w.l(libinit2.o)
    0x08000248   0x08000248   0x0000000a   Code   RO         5180    .ARM.Collect$$libinit$$00000016  c_w.l(libinit2.o)
    0x08000252   0x08000252   0x00000000   Code   RO         5181    .ARM.Collect$$libinit$$00000017  c_w.l(libinit2.o)
    0x08000252   0x08000252   0x00000000   Code   RO         5183    .ARM.Collect$$libinit$$00000019  c_w.l(libinit2.o)
    0x08000252   0x08000252   0x00000000   Code   RO         5185    .ARM.Collect$$libinit$$0000001B  c_w.l(libinit2.o)
    0x08000252   0x08000252   0x00000000   Code   RO         5187    .ARM.Collect$$libinit$$0000001D  c_w.l(libinit2.o)
    0x08000252   0x08000252   0x00000000   Code   RO         5189    .ARM.Collect$$libinit$$0000001F  c_w.l(libinit2.o)
    0x08000252   0x08000252   0x00000000   Code   RO         5191    .ARM.Collect$$libinit$$00000021  c_w.l(libinit2.o)
    0x08000252   0x08000252   0x00000000   Code   RO         5193    .ARM.Collect$$libinit$$00000023  c_w.l(libinit2.o)
    0x08000252   0x08000252   0x00000000   Code   RO         5195    .ARM.Collect$$libinit$$00000025  c_w.l(libinit2.o)
    0x08000252   0x08000252   0x00000000   Code   RO         5199    .ARM.Collect$$libinit$$0000002C  c_w.l(libinit2.o)
    0x08000252   0x08000252   0x00000000   Code   RO         5201    .ARM.Collect$$libinit$$0000002E  c_w.l(libinit2.o)
    0x08000252   0x08000252   0x00000000   Code   RO         5203    .ARM.Collect$$libinit$$00000030  c_w.l(libinit2.o)
    0x08000252   0x08000252   0x00000000   Code   RO         5205    .ARM.Collect$$libinit$$00000032  c_w.l(libinit2.o)
    0x08000252   0x08000252   0x00000002   Code   RO         5206    .ARM.Collect$$libinit$$00000033  c_w.l(libinit2.o)
    0x08000254   0x08000254   0x00000002   Code   RO         5237    .ARM.Collect$$libshutdown$$00000000  c_w.l(libshutdown.o)
    0x08000256   0x08000256   0x00000000   Code   RO         5246    .ARM.Collect$$libshutdown$$00000002  c_w.l(libshutdown2.o)
    0x08000256   0x08000256   0x00000000   Code   RO         5248    .ARM.Collect$$libshutdown$$00000004  c_w.l(libshutdown2.o)
    0x08000256   0x08000256   0x00000000   Code   RO         5250    .ARM.Collect$$libshutdown$$00000006  c_w.l(libshutdown2.o)
    0x08000256   0x08000256   0x00000000   Code   RO         5253    .ARM.Collect$$libshutdown$$00000009  c_w.l(libshutdown2.o)
    0x08000256   0x08000256   0x00000000   Code   RO         5256    .ARM.Collect$$libshutdown$$0000000C  c_w.l(libshutdown2.o)
    0x08000256   0x08000256   0x00000000   Code   RO         5258    .ARM.Collect$$libshutdown$$0000000E  c_w.l(libshutdown2.o)
    0x08000256   0x08000256   0x00000000   Code   RO         5261    .ARM.Collect$$libshutdown$$00000011  c_w.l(libshutdown2.o)
    0x08000256   0x08000256   0x00000002   Code   RO         5262    .ARM.Collect$$libshutdown$$00000012  c_w.l(libshutdown2.o)
    0x08000258   0x08000258   0x00000000   Code   RO         4991    .ARM.Collect$$rtentry$$00000000  c_w.l(__rtentry.o)
    0x08000258   0x08000258   0x00000000   Code   RO         5076    .ARM.Collect$$rtentry$$00000002  c_w.l(__rtentry2.o)
    0x08000258   0x08000258   0x00000006   Code   RO         5088    .ARM.Collect$$rtentry$$00000004  c_w.l(__rtentry4.o)
    0x0800025e   0x0800025e   0x00000000   Code   RO         5078    .ARM.Collect$$rtentry$$00000009  c_w.l(__rtentry2.o)
    0x0800025e   0x0800025e   0x00000004   Code   RO         5079    .ARM.Collect$$rtentry$$0000000A  c_w.l(__rtentry2.o)
    0x08000262   0x08000262   0x00000000   Code   RO         5081    .ARM.Collect$$rtentry$$0000000C  c_w.l(__rtentry2.o)
    0x08000262   0x08000262   0x00000008   Code   RO         5082    .ARM.Collect$$rtentry$$0000000D  c_w.l(__rtentry2.o)
    0x0800026a   0x0800026a   0x00000002   Code   RO         5207    .ARM.Collect$$rtexit$$00000000  c_w.l(rtexit.o)
    0x0800026c   0x0800026c   0x00000000   Code   RO         5217    .ARM.Collect$$rtexit$$00000002  c_w.l(rtexit2.o)
    0x0800026c   0x0800026c   0x00000004   Code   RO         5218    .ARM.Collect$$rtexit$$00000003  c_w.l(rtexit2.o)
    0x08000270   0x08000270   0x00000006   Code   RO         5219    .ARM.Collect$$rtexit$$00000004  c_w.l(rtexit2.o)
    0x08000276   0x08000276   0x00000002   PAD
    0x08000278   0x08000278   0x00000096   Code   RO         4707    .emb_text           port.o
    0x0800030e   0x0800030e   0x00000002   PAD
    0x08000310   0x08000310   0x00000040   Code   RO          501  * .text               startup_stm32f10x_hd.o
    0x08000350   0x08000350   0x00000002   Code   RO         4887    .text               c_w.l(use_no_semi_2.o)
    0x08000352   0x08000352   0x00000002   PAD
    0x08000354   0x08000354   0x00000024   Code   RO         4889    .text               c_w.l(c89vsprintf.o)
    0x08000378   0x08000378   0x00000018   Code   RO         4891    .text               c_w.l(__2printf.o)
    0x08000390   0x08000390   0x0000002c   Code   RO         4893    .text               c_w.l(__2sprintf.o)
    0x080003bc   0x080003bc   0x00000052   Code   RO         4901    .text               c_w.l(_printf_str.o)
    0x0800040e   0x0800040e   0x00000002   PAD
    0x08000410   0x08000410   0x00000078   Code   RO         4903    .text               c_w.l(_printf_dec.o)
    0x08000488   0x08000488   0x00000188   Code   RO         4922    .text               c_w.l(__printf_flags_ss_wp.o)
    0x08000610   0x08000610   0x00000024   Code   RO         4935    .text               c_w.l(strstr.o)
    0x08000634   0x08000634   0x00000048   Code   RO         4937    .text               c_w.l(strcpy.o)
    0x0800067c   0x0800067c   0x0000003e   Code   RO         4939    .text               c_w.l(strlen.o)
    0x080006ba   0x080006ba   0x0000008a   Code   RO         4941    .text               c_w.l(rt_memcpy_v6.o)
    0x08000744   0x08000744   0x00000010   Code   RO         4943    .text               c_w.l(aeabi_memset.o)
    0x08000754   0x08000754   0x00000044   Code   RO         4945    .text               c_w.l(rt_memclr.o)
    0x08000798   0x08000798   0x0000004e   Code   RO         4947    .text               c_w.l(rt_memclr_w.o)
    0x080007e6   0x080007e6   0x00000006   Code   RO         4951    .text               c_w.l(heapauxi.o)
    0x080007ec   0x080007ec   0x00000002   Code   RO         4989    .text               c_w.l(use_no_semi.o)
    0x080007ee   0x080007ee   0x0000004e   Code   RO         4992    .text               c_w.l(_printf_pad.o)
    0x0800083c   0x0800083c   0x00000024   Code   RO         4994    .text               c_w.l(_printf_truncate.o)
    0x08000860   0x08000860   0x000000b2   Code   RO         4996    .text               c_w.l(_printf_intcommon.o)
    0x08000912   0x08000912   0x00000028   Code   RO         4998    .text               c_w.l(_printf_charcount.o)
    0x0800093a   0x0800093a   0x0000041e   Code   RO         5000    .text               c_w.l(_printf_fp_dec.o)
    0x08000d58   0x08000d58   0x00000030   Code   RO         5002    .text               c_w.l(_printf_char_common.o)
    0x08000d88   0x08000d88   0x0000000a   Code   RO         5004    .text               c_w.l(_sputc.o)
    0x08000d92   0x08000d92   0x0000002c   Code   RO         5006    .text               c_w.l(_printf_char.o)
    0x08000dbe   0x08000dbe   0x00000002   PAD
    0x08000dc0   0x08000dc0   0x00000024   Code   RO         5008    .text               c_w.l(_printf_char_file.o)
    0x08000de4   0x08000de4   0x000000bc   Code   RO         5010    .text               c_w.l(_printf_wctomb.o)
    0x08000ea0   0x08000ea0   0x0000007c   Code   RO         5013    .text               c_w.l(_printf_longlong_dec.o)
    0x08000f1c   0x08000f1c   0x00000070   Code   RO         5019    .text               c_w.l(_printf_oct_int_ll.o)
    0x08000f8c   0x08000f8c   0x00000094   Code   RO         5039    .text               c_w.l(_printf_hex_int_ll_ptr.o)
    0x08001020   0x08001020   0x00000064   Code   RO         5064    .text               c_w.l(rt_memcpy_w.o)
    0x08001084   0x08001084   0x00000008   Code   RO         5093    .text               c_w.l(rt_locale_intlibspace.o)
    0x0800108c   0x0800108c   0x0000008a   Code   RO         5095    .text               c_w.l(lludiv10.o)
    0x08001116   0x08001116   0x00000002   PAD
    0x08001118   0x08001118   0x00000080   Code   RO         5099    .text               c_w.l(_printf_fp_infnan.o)
    0x08001198   0x08001198   0x0000002c   Code   RO         5103    .text               c_w.l(_printf_wchar.o)
    0x080011c4   0x080011c4   0x000000e4   Code   RO         5107    .text               c_w.l(bigflt0.o)
    0x080012a8   0x080012a8   0x00000008   Code   RO         5132    .text               c_w.l(ferror.o)
    0x080012b0   0x080012b0   0x00000040   Code   RO         5136    .text               c_w.l(_wcrtomb.o)
    0x080012f0   0x080012f0   0x00000008   Code   RO         5145    .text               c_w.l(libspace.o)
    0x080012f8   0x080012f8   0x0000004a   Code   RO         5148    .text               c_w.l(sys_stackheap_outer.o)
    0x08001342   0x08001342   0x00000002   PAD
    0x08001344   0x08001344   0x00000010   Code   RO         5150    .text               c_w.l(rt_ctype_table.o)
    0x08001354   0x08001354   0x00000012   Code   RO         5152    .text               c_w.l(exit.o)
    0x08001366   0x08001366   0x00000002   PAD
    0x08001368   0x08001368   0x00000080   Code   RO         5154    .text               c_w.l(strcmpv7m.o)
    0x080013e8   0x080013e8   0x0000003e   Code   RO         5110    CL$$btod_d2e        c_w.l(btod.o)
    0x08001426   0x08001426   0x00000046   Code   RO         5112    CL$$btod_d2e_denorm_low  c_w.l(btod.o)
    0x0800146c   0x0800146c   0x00000060   Code   RO         5111    CL$$btod_d2e_norm_op1  c_w.l(btod.o)
    0x080014cc   0x080014cc   0x00000338   Code   RO         5120    CL$$btod_div_common  c_w.l(btod.o)
    0x08001804   0x08001804   0x000000dc   Code   RO         5117    CL$$btod_e2e        c_w.l(btod.o)
    0x080018e0   0x080018e0   0x0000002a   Code   RO         5114    CL$$btod_ediv       c_w.l(btod.o)
    0x0800190a   0x0800190a   0x0000002a   Code   RO         5113    CL$$btod_emul       c_w.l(btod.o)
    0x08001934   0x08001934   0x00000244   Code   RO         5119    CL$$btod_mult_common  c_w.l(btod.o)
    0x08001b78   0x08001b78   0x00000032   Code   RO         3718    i.BH1750_Byte_Write  bh1750.o
    0x08001baa   0x08001baa   0x00000012   Code   RO         3719    i.BH1750_Init       bh1750.o
    0x08001bbc   0x08001bbc   0x0000000a   Code   RO         3721    i.BH1750_Power_ON   bh1750.o
    0x08001bc6   0x08001bc6   0x0000003a   Code   RO         3723    i.BH1750_Read_Measure  bh1750.o
    0x08001c00   0x08001c00   0x00000004   Code   RO          258    i.BusFault_Handler  stm32f10x_it.o
    0x08001c04   0x08001c04   0x000000cc   Code   RO            1    i.DHT11_read        main.o
    0x08001cd0   0x08001cd0   0x0000002c   Code   RO            2    i.DHT_Init_InPut    main.o
    0x08001cfc   0x08001cfc   0x0000002c   Code   RO            3    i.DHT_Init_OutPut   main.o
    0x08001d28   0x08001d28   0x00000044   Code   RO            4    i.DHT_ReadBit       main.o
    0x08001d6c   0x08001d6c   0x00000022   Code   RO            5    i.DHT_ReadByte      main.o
    0x08001d8e   0x08001d8e   0x00000002   PAD
    0x08001d90   0x08001d90   0x00000070   Code   RO            6    i.DHT_ReadData      main.o
    0x08001e00   0x08001e00   0x00000014   Code   RO            7    i.DHT_Scan          main.o
    0x08001e14   0x08001e14   0x00000034   Code   RO            8    i.DHT_Start         main.o
    0x08001e48   0x08001e48   0x00000002   Code   RO          259    i.DebugMon_Handler  stm32f10x_it.o
    0x08001e4a   0x08001e4a   0x00000002   PAD
    0x08001e4c   0x08001e4c   0x00000314   Code   RO            9    i.ES8266_MQTT_Init  main.o
    0x08002160   0x08002160   0x00000116   Code   RO         1656    i.GPIO_Init         stm32f10x_gpio.o
    0x08002276   0x08002276   0x00000012   Code   RO         1660    i.GPIO_ReadInputDataBit  stm32f10x_gpio.o
    0x08002288   0x08002288   0x00000004   Code   RO         1663    i.GPIO_ResetBits    stm32f10x_gpio.o
    0x0800228c   0x0800228c   0x00000004   Code   RO         1664    i.GPIO_SetBits      stm32f10x_gpio.o
    0x08002290   0x08002290   0x0000000a   Code   RO         1667    i.GPIO_WriteBit     stm32f10x_gpio.o
    0x0800229a   0x0800229a   0x00000004   Code   RO          260    i.HardFault_Handler  stm32f10x_it.o
    0x0800229e   0x0800229e   0x00000002   PAD
    0x080022a0   0x080022a0   0x00000030   Code   RO         3724    i.I2C_BH1750_GPIOConfig  bh1750.o
    0x080022d0   0x080022d0   0x00000040   Code   RO         3472    i.LED_Init          led.o
    0x08002310   0x08002310   0x00000024   Code   RO         3725    i.LIght_Intensity   bh1750.o
    0x08002334   0x08002334   0x00000238   Code   RO         4833    i.MQTT_Connect      esp8266_mqtt.o
    0x0800256c   0x0800256c   0x00000118   Code   RO         4836    i.MQTT_PublishData  esp8266_mqtt.o
    0x08002684   0x08002684   0x0000003c   Code   RO         4837    i.MQTT_SendBuf      esp8266_mqtt.o
    0x080026c0   0x080026c0   0x00000010   Code   RO         4838    i.MQTT_SentHeart    esp8266_mqtt.o
    0x080026d0   0x080026d0   0x00000158   Code   RO         4839    i.MQTT_SubscribeTopic  esp8266_mqtt.o
    0x08002828   0x08002828   0x00000004   Code   RO          261    i.MemManage_Handler  stm32f10x_it.o
    0x0800282c   0x0800282c   0x00000002   Code   RO          262    i.NMI_Handler       stm32f10x_it.o
    0x0800282e   0x0800282e   0x00000002   PAD
    0x08002830   0x08002830   0x00000070   Code   RO          505    i.NVIC_Init         misc.o
    0x080028a0   0x080028a0   0x00000014   Code   RO          506    i.NVIC_PriorityGroupConfig  misc.o
    0x080028b4   0x080028b4   0x00000020   Code   RO         2072    i.RCC_APB1PeriphClockCmd  stm32f10x_rcc.o
    0x080028d4   0x080028d4   0x00000020   Code   RO         2073    i.RCC_APB1PeriphResetCmd  stm32f10x_rcc.o
    0x080028f4   0x080028f4   0x00000020   Code   RO         2074    i.RCC_APB2PeriphClockCmd  stm32f10x_rcc.o
    0x08002914   0x08002914   0x00000020   Code   RO         2075    i.RCC_APB2PeriphResetCmd  stm32f10x_rcc.o
    0x08002934   0x08002934   0x000000d4   Code   RO         2082    i.RCC_GetClocksFreq  stm32f10x_rcc.o
    0x08002a08   0x08002a08   0x00000008   Code   RO          303    i.SetSysClock       system_stm32f10x.o
    0x08002a10   0x08002a10   0x000000e0   Code   RO          304    i.SetSysClockTo72   system_stm32f10x.o
    0x08002af0   0x08002af0   0x00000028   Code   RO          509    i.SysTick_CLKSourceConfig  misc.o
    0x08002b18   0x08002b18   0x00000010   Code   RO          337    i.SysTick_Handler   delay.o
    0x08002b28   0x08002b28   0x00000060   Code   RO          306    i.SystemInit        system_stm32f10x.o
    0x08002b88   0x08002b88   0x00000098   Code   RO         3672    i.TIM3_IRQHandler   timer3.o
    0x08002c20   0x08002c20   0x00000006   Code   RO         2700    i.TIM_ClearFlag     stm32f10x_tim.o
    0x08002c26   0x08002c26   0x00000006   Code   RO         2701    i.TIM_ClearITPendingBit  stm32f10x_tim.o
    0x08002c2c   0x08002c2c   0x00000018   Code   RO         2706    i.TIM_Cmd           stm32f10x_tim.o
    0x08002c44   0x08002c44   0x000001e8   Code   RO         2711    i.TIM_DeInit        stm32f10x_tim.o
    0x08002e2c   0x08002e2c   0x00000022   Code   RO         2727    i.TIM_GetITStatus   stm32f10x_tim.o
    0x08002e4e   0x08002e4e   0x00000012   Code   RO         2731    i.TIM_ITConfig      stm32f10x_tim.o
    0x08002e60   0x08002e60   0x00000004   Code   RO         2771    i.TIM_SetCounter    stm32f10x_tim.o
    0x08002e64   0x08002e64   0x000000a4   Code   RO         2777    i.TIM_TimeBaseInit  stm32f10x_tim.o
    0x08002f08   0x08002f08   0x0000007c   Code   RO         3674    i.Timer3_Configuration  timer3.o
    0x08002f84   0x08002f84   0x00000088   Code   RO          444    i.USART1_IRQHandler  usart.o
    0x0800300c   0x0800300c   0x0000008c   Code   RO         3484    i.USART2_IRQHandler  uart2.o
    0x08003098   0x08003098   0x00000018   Code   RO         3242    i.USART_Cmd         stm32f10x_usart.o
    0x080030b0   0x080030b0   0x00000054   Code   RO         3246    i.USART_GetITStatus  stm32f10x_usart.o
    0x08003104   0x08003104   0x0000004a   Code   RO         3248    i.USART_ITConfig    stm32f10x_usart.o
    0x0800314e   0x0800314e   0x00000002   PAD
    0x08003150   0x08003150   0x000000d8   Code   RO         3249    i.USART_Init        stm32f10x_usart.o
    0x08003228   0x08003228   0x0000000a   Code   RO         3256    i.USART_ReceiveData  stm32f10x_usart.o
    0x08003232   0x08003232   0x00000004   Code   RO          263    i.UsageFault_Handler  stm32f10x_it.o
    0x08003236   0x08003236   0x00000002   PAD
    0x08003238   0x08003238   0x0000013c   Code   RO         3557    i.WiFi_Connect      wifi.o
    0x08003374   0x08003374   0x000000cc   Code   RO         3559    i.WiFi_GetIP        wifi.o
    0x08003440   0x08003440   0x000000a4   Code   RO         3563    i.WiFi_JoinAP       wifi.o
    0x080034e4   0x080034e4   0x000000a8   Code   RO         3565    i.WiFi_Reset        wifi.o
    0x0800358c   0x0800358c   0x00000048   Code   RO         3566    i.WiFi_ResetIO_Init  wifi.o
    0x080035d4   0x080035d4   0x00000074   Code   RO         3568    i.WiFi_SendCmd      wifi.o
    0x08003648   0x08003648   0x00000028   Code   RO         5143    i.__ARM_fpclassify  m_ws.l(fpclassify.o)
    0x08003670   0x08003670   0x0000000e   Code   RO         4915    i._is_digit         c_w.l(__printf_wp.o)
    0x0800367e   0x0800367e   0x00000004   Code   RO          445    i._sys_exit         usart.o
    0x08003682   0x08003682   0x00000002   PAD
    0x08003684   0x08003684   0x0000005c   Code   RO          338    i.delay_init        delay.o
    0x080036e0   0x080036e0   0x00000044   Code   RO          339    i.delay_ms          delay.o
    0x08003724   0x08003724   0x00000048   Code   RO          340    i.delay_us          delay.o
    0x0800376c   0x0800376c   0x000000a0   Code   RO         4215    i.eTaskGetState     tasks.o
    0x0800380c   0x0800380c   0x0000001c   Code   RO          446    i.fputc             usart.o
    0x08003828   0x08003828   0x00000030   Code   RO         3726    i.i2c_Ack           bh1750.o
    0x08003858   0x08003858   0x0000000e   Code   RO         3728    i.i2c_Delay         bh1750.o
    0x08003866   0x08003866   0x00000002   PAD
    0x08003868   0x08003868   0x00000028   Code   RO         3729    i.i2c_NAck          bh1750.o
    0x08003890   0x08003890   0x00000044   Code   RO         3730    i.i2c_ReadByte      bh1750.o
    0x080038d4   0x080038d4   0x00000054   Code   RO         3731    i.i2c_SendByte      bh1750.o
    0x08003928   0x08003928   0x00000030   Code   RO         3732    i.i2c_Start         bh1750.o
    0x08003958   0x08003958   0x00000020   Code   RO         3733    i.i2c_Stop          bh1750.o
    0x08003978   0x08003978   0x0000003c   Code   RO         3734    i.i2c_WaitAck       bh1750.o
    0x080039b4   0x080039b4   0x00000048   Code   RO           10    i.led0_task         main.o
    0x080039fc   0x080039fc   0x000000a4   Code   RO           11    i.main              main.o
    0x08003aa0   0x08003aa0   0x00000064   Code   RO           12    i.print_TASK        main.o
    0x08003b04   0x08003b04   0x00000098   Code   RO         4217    i.prvAddCurrentTaskToDelayedList  tasks.o
    0x08003b9c   0x08003b9c   0x000000b8   Code   RO         4218    i.prvAddNewTaskToReadyList  tasks.o
    0x08003c54   0x08003c54   0x00000064   Code   RO         4577    i.prvCheckForValidListAndQueue  timers.o
    0x08003cb8   0x08003cb8   0x00000064   Code   RO         4219    i.prvCheckTasksWaitingTermination  tasks.o
    0x08003d1c   0x08003d1c   0x0000002a   Code   RO         3984    i.prvCopyDataFromQueue  queue.o
    0x08003d46   0x08003d46   0x0000007c   Code   RO         3985    i.prvCopyDataToQueue  queue.o
    0x08003dc2   0x08003dc2   0x00000012   Code   RO         4220    i.prvDeleteTCB      tasks.o
    0x08003dd4   0x08003dd4   0x00000028   Code   RO         4578    i.prvGetNextExpireTime  timers.o
    0x08003dfc   0x08003dfc   0x0000007c   Code   RO         4784    i.prvHeapInit       heap_4.o
    0x08003e78   0x08003e78   0x00000028   Code   RO         4221    i.prvIdleTask       tasks.o
    0x08003ea0   0x08003ea0   0x0000002e   Code   RO         3987    i.prvInitialiseNewQueue  queue.o
    0x08003ece   0x08003ece   0x00000002   PAD
    0x08003ed0   0x08003ed0   0x000000d0   Code   RO         4222    i.prvInitialiseNewTask  tasks.o
    0x08003fa0   0x08003fa0   0x00000068   Code   RO         4223    i.prvInitialiseTaskLists  tasks.o
    0x08004008   0x08004008   0x00000068   Code   RO         4785    i.prvInsertBlockIntoFreeList  heap_4.o
    0x08004070   0x08004070   0x00000058   Code   RO         4580    i.prvInsertTimerInActiveList  timers.o
    0x080040c8   0x080040c8   0x0000001a   Code   RO         3988    i.prvIsQueueEmpty   queue.o
    0x080040e2   0x080040e2   0x0000001e   Code   RO         3989    i.prvIsQueueFull    queue.o
    0x08004100   0x08004100   0x0000006a   Code   RO         4224    i.prvListTasksWithinSingleList  tasks.o
    0x0800416a   0x0800416a   0x00000002   PAD
    0x0800416c   0x0800416c   0x000000a0   Code   RO         3990    i.prvNotifyQueueSetContainer  queue.o
    0x0800420c   0x0800420c   0x00000080   Code   RO         4581    i.prvProcessExpiredTimer  timers.o
    0x0800428c   0x0800428c   0x0000012c   Code   RO         4582    i.prvProcessReceivedCommands  timers.o
    0x080043b8   0x080043b8   0x00000074   Code   RO         4583    i.prvProcessTimerOrBlockTask  timers.o
    0x0800442c   0x0800442c   0x00000034   Code   RO         4225    i.prvResetNextTaskUnblockTime  tasks.o
    0x08004460   0x08004460   0x0000002c   Code   RO         4584    i.prvSampleTimeNow  timers.o
    0x0800448c   0x0800448c   0x000000bc   Code   RO         4585    i.prvSwitchTimerLists  timers.o
    0x08004548   0x08004548   0x00000016   Code   RO         4226    i.prvTaskCheckFreeStackSpace  tasks.o
    0x0800455e   0x0800455e   0x00000002   PAD
    0x08004560   0x08004560   0x00000070   Code   RO         4708    i.prvTaskExitError  port.o
    0x080045d0   0x080045d0   0x0000001a   Code   RO         4586    i.prvTimerTask      timers.o
    0x080045ea   0x080045ea   0x00000092   Code   RO         3991    i.prvUnlockQueue    queue.o
    0x0800467c   0x0800467c   0x0000002a   Code   RO         4228    i.prvWriteNameToBuffer  tasks.o
    0x080046a6   0x080046a6   0x00000002   PAD
    0x080046a8   0x080046a8   0x00000154   Code   RO         4786    i.pvPortMalloc      heap_4.o
    0x080047fc   0x080047fc   0x00000020   Code   RO         4229    i.pvTaskIncrementMutexHeldCount  tasks.o
    0x0800481c   0x0800481c   0x00000024   Code   RO         4709    i.pxPortInitialiseStack  port.o
    0x08004840   0x08004840   0x000000cc   Code   RO           13    i.start_task        main.o
    0x0800490c   0x0800490c   0x00000068   Code   RO         3488    i.u2_printf         uart2.o
    0x08004974   0x08004974   0x000000a4   Code   RO         3491    i.uart2_init        uart2.o
    0x08004a18   0x08004a18   0x000000a4   Code   RO          447    i.uart_init         usart.o
    0x08004abc   0x08004abc   0x00000028   Code   RO         3947    i.uxListRemove      list.o
    0x08004ae4   0x08004ae4   0x000000b0   Code   RO         4232    i.uxTaskGetSystemState  tasks.o
    0x08004b94   0x08004b94   0x0000001a   Code   RO         3948    i.vListInitialise   list.o
    0x08004bae   0x08004bae   0x00000006   Code   RO         3949    i.vListInitialiseItem  list.o
    0x08004bb4   0x08004bb4   0x00000034   Code   RO         3950    i.vListInsert       list.o
    0x08004be8   0x08004be8   0x00000018   Code   RO         3951    i.vListInsertEnd    list.o
    0x08004c00   0x08004c00   0x00000088   Code   RO         4711    i.vPortEnterCritical  port.o
    0x08004c88   0x08004c88   0x00000070   Code   RO         4712    i.vPortExitCritical  port.o
    0x08004cf8   0x08004cf8   0x000000b8   Code   RO         4787    i.vPortFree         heap_4.o
    0x08004db0   0x08004db0   0x00000020   Code   RO         4713    i.vPortSetupTimerInterrupt  port.o
    0x08004dd0   0x08004dd0   0x000000a0   Code   RO         4714    i.vPortValidateInterruptPriority  port.o
    0x08004e70   0x08004e70   0x0000002c   Code   RO         3997    i.vQueueAddToRegistry  queue.o
    0x08004e9c   0x08004e9c   0x0000004a   Code   RO         4001    i.vQueueWaitForMessageRestricted  queue.o
    0x08004ee6   0x08004ee6   0x00000002   PAD
    0x08004ee8   0x08004ee8   0x00000074   Code   RO         4237    i.vTaskDelay        tasks.o
    0x08004f5c   0x08004f5c   0x0000010c   Code   RO         4239    i.vTaskDelete       tasks.o
    0x08005068   0x08005068   0x00000078   Code   RO         4241    i.vTaskGetInfo      tasks.o
    0x080050e0   0x080050e0   0x000000e0   Code   RO         4242    i.vTaskList         tasks.o
    0x080051c0   0x080051c0   0x0000000c   Code   RO         4243    i.vTaskMissedYield  tasks.o
    0x080051cc   0x080051cc   0x00000054   Code   RO         4245    i.vTaskPlaceOnEventList  tasks.o
    0x08005220   0x08005220   0x0000005c   Code   RO         4246    i.vTaskPlaceOnEventListRestricted  tasks.o
    0x0800527c   0x0800527c   0x000000b0   Code   RO         4248    i.vTaskPriorityInherit  tasks.o
    0x0800532c   0x0800532c   0x0000004c   Code   RO         4252    i.vTaskSetTimeOutState  tasks.o
    0x08005378   0x08005378   0x000000ac   Code   RO         4253    i.vTaskStartScheduler  tasks.o
    0x08005424   0x08005424   0x00000010   Code   RO         4255    i.vTaskSuspendAll   tasks.o
    0x08005434   0x08005434   0x000000a8   Code   RO         4256    i.vTaskSwitchContext  tasks.o
    0x080054dc   0x080054dc   0x000002c0   Code   RO           14    i.wifi_task         main.o
    0x0800579c   0x0800579c   0x000000a0   Code   RO         4715    i.xPortStartScheduler  port.o
    0x0800583c   0x0800583c   0x00000034   Code   RO         4716    i.xPortSysTickHandler  port.o
    0x08005870   0x08005870   0x00000074   Code   RO         4006    i.xQueueGenericCreate  queue.o
    0x080058e4   0x080058e4   0x000001c8   Code   RO         4007    i.xQueueGenericReceive  queue.o
    0x08005aac   0x08005aac   0x000000b0   Code   RO         4008    i.xQueueGenericReset  queue.o
    0x08005b5c   0x08005b5c   0x000001c4   Code   RO         4009    i.xQueueGenericSend  queue.o
    0x08005d20   0x08005d20   0x00000110   Code   RO         4010    i.xQueueGenericSendFromISR  queue.o
    0x08005e30   0x08005e30   0x000000a0   Code   RO         4257    i.xTaskCheckForTimeOut  tasks.o
    0x08005ed0   0x08005ed0   0x00000060   Code   RO         4258    i.xTaskCreate       tasks.o
    0x08005f30   0x08005f30   0x00000020   Code   RO         4262    i.xTaskGetSchedulerState  tasks.o
    0x08005f50   0x08005f50   0x0000000c   Code   RO         4263    i.xTaskGetTickCount  tasks.o
    0x08005f5c   0x08005f5c   0x00000160   Code   RO         4265    i.xTaskIncrementTick  tasks.o
    0x080060bc   0x080060bc   0x000000d8   Code   RO         4268    i.xTaskPriorityDisinherit  tasks.o
    0x08006194   0x08006194   0x000000b4   Code   RO         4269    i.xTaskRemoveFromEventList  tasks.o
    0x08006248   0x08006248   0x00000120   Code   RO         4271    i.xTaskResumeAll    tasks.o
    0x08006368   0x08006368   0x00000074   Code   RO         4590    i.xTimerCreateTimerTask  timers.o
    0x080063dc   0x080063dc   0x000000a4   Code   RO         4591    i.xTimerGenericCommand  timers.o
    0x08006480   0x08006480   0x0000002c   Code   RO         5139    locale$$code        c_w.l(lc_numeric_c.o)
    0x080064ac   0x080064ac   0x0000002c   Code   RO         5210    locale$$code        c_w.l(lc_ctype_c.o)
    0x080064d8   0x080064d8   0x00000062   Code   RO         4955    x$fpl$d2f           fz_ws.l(d2f.o)
    0x0800653a   0x0800653a   0x00000002   PAD
    0x0800653c   0x0800653c   0x00000150   Code   RO         4957    x$fpl$dadd          fz_ws.l(daddsub_clz.o)
    0x0800668c   0x0800668c   0x000002b0   Code   RO         4964    x$fpl$ddiv          fz_ws.l(ddiv.o)
    0x0800693c   0x0800693c   0x00000026   Code   RO         4967    x$fpl$dfltu         fz_ws.l(dflt_clz.o)
    0x08006962   0x08006962   0x0000009c   Code   RO         5066    x$fpl$dnaninf       fz_ws.l(dnaninf.o)
    0x080069fe   0x080069fe   0x0000000c   Code   RO         5068    x$fpl$dretinf       fz_ws.l(dretinf.o)
    0x08006a0a   0x08006a0a   0x00000002   PAD
    0x08006a0c   0x08006a0c   0x000001d4   Code   RO         4959    x$fpl$dsub          fz_ws.l(daddsub_clz.o)
    0x08006be0   0x08006be0   0x00000056   Code   RO         4973    x$fpl$f2d           fz_ws.l(f2d.o)
    0x08006c36   0x08006c36   0x00000002   PAD
    0x08006c38   0x08006c38   0x00000184   Code   RO         4976    x$fpl$fdiv          fz_ws.l(fdiv.o)
    0x08006dbc   0x08006dbc   0x00000026   Code   RO         4979    x$fpl$ffltu         fz_ws.l(fflt_clz.o)
    0x08006de2   0x08006de2   0x00000002   PAD
    0x08006de4   0x08006de4   0x00000102   Code   RO         4985    x$fpl$fmul          fz_ws.l(fmul.o)
    0x08006ee6   0x08006ee6   0x0000008c   Code   RO         5070    x$fpl$fnaninf       fz_ws.l(fnaninf.o)
    0x08006f72   0x08006f72   0x0000000a   Code   RO         5072    x$fpl$fretinf       fz_ws.l(fretinf.o)
    0x08006f7c   0x08006f7c   0x00000004   Code   RO         4987    x$fpl$printf1       fz_ws.l(printf1.o)
    0x08006f80   0x08006f80   0x00000000   Code   RO         5074    x$fpl$usenofp       fz_ws.l(usenofp.o)
    0x08006f80   0x08006f80   0x0000000c   Data   RO         4840    .constdata          esp8266_mqtt.o
    0x08006f8c   0x08006f8c   0x00000011   Data   RO         4923    .constdata          c_w.l(__printf_flags_ss_wp.o)
    0x08006f9d   0x08006f9d   0x00000003   PAD
    0x08006fa0   0x08006fa0   0x00000008   Data   RO         5011    .constdata          c_w.l(_printf_wctomb.o)
    0x08006fa8   0x08006fa8   0x00000028   Data   RO         5040    .constdata          c_w.l(_printf_hex_int_ll_ptr.o)
    0x08006fd0   0x08006fd0   0x00000094   Data   RO         5108    .constdata          c_w.l(bigflt0.o)
    0x08007064   0x08007064   0x0000018c   Data   RO           16    .conststring        main.o
    0x080071f0   0x080071f0   0x00000020   Data   RO         5287    Region$$Table       anon$$obj.o
    0x08007210   0x08007210   0x0000001c   Data   RO         5138    locale$$data        c_w.l(lc_numeric_c.o)
    0x0800722c   0x0800722c   0x00000110   Data   RO         5209    locale$$data        c_w.l(lc_ctype_c.o)


    Execution Region ER_RW (Exec base: 0x20000000, Load base: 0x0800733c, Size: 0x000000ec, Max: 0xffffffff, ABSOLUTE)

    Exec Addr    Load Addr    Size         Type   Attr      Idx    E Section Name        Object

    0x20000000   0x0800733c   0x00000030   Data   RW           17    .data               main.o
    0x20000030   0x0800736c   0x00000014   Data   RW          307    .data               system_stm32f10x.o
    0x20000044   0x08007380   0x00000004   Data   RW          342    .data               delay.o
    0x20000048   0x08007384   0x00000006   Data   RW          449    .data               usart.o
    0x2000004e   0x0800738a   0x00000014   Data   RW         2102    .data               stm32f10x_rcc.o
    0x20000062   0x0800739e   0x00000002   PAD
    0x20000064   0x080073a0   0x00000008   Data   RW         3493    .data               uart2.o
    0x2000006c   0x080073a8   0x00000008   Data   RW         3706    .data               structure.o
    0x20000074   0x080073b0   0x0000003c   Data   RW         4274    .data               tasks.o
    0x200000b0   0x080073ec   0x00000014   Data   RW         4599    .data               timers.o
    0x200000c4   0x08007400   0x0000000c   Data   RW         4717    .data               port.o
    0x200000d0   0x0800740c   0x00000018   Data   RW         4792    .data               heap_4.o
    0x200000e8   0x08007424   0x00000004   Data   RW         4841    .data               esp8266_mqtt.o


    Execution Region ER_ZI (Exec base: 0x200000ec, Load base: 0x08007428, Size: 0x000049a4, Max: 0xffffffff, ABSOLUTE)

    Exec Addr    Load Addr    Size         Type   Attr      Idx    E Section Name        Object

    0x200000ec        -       0x0000032c   Zero   RW           15    .bss                main.o
    0x20000418        -       0x000000c8   Zero   RW          448    .bss                usart.o
    0x200004e0        -       0x00000400   Zero   RW         3492    .bss                uart2.o
    0x200008e0        -       0x00001000   Zero   RW         3676    .bss                timer3.o
    0x200018e0        -       0x00000040   Zero   RW         4021    .bss                queue.o
    0x20001920        -       0x000002e4   Zero   RW         4273    .bss                tasks.o
    0x20001c04        -       0x00000028   Zero   RW         4598    .bss                timers.o
    0x20001c2c        -       0x00002800   Zero   RW         4791    .bss                heap_4.o
    0x2000442c        -       0x00000060   Zero   RW         5146    .bss                c_w.l(libspace.o)
    0x2000448c   0x08007428   0x00000004   PAD
    0x20004490        -       0x00000200   Zero   RW          499    HEAP                startup_stm32f10x_hd.o
    0x20004690        -       0x00000400   Zero   RW          498    STACK               startup_stm32f10x_hd.o


==============================================================================

Image component sizes


      Code (inc. data)   RO Data    RW Data    ZI Data      Debug   Object Name

       614         42          0          0          0       7280   bh1750.o
       248         28          0          4          0     205781   delay.o
      1268         60         12          4          0       5197   esp8266_mqtt.o
         0          0          0          0          0      11828   event_groups.o
       752        176          0         24      10240       3899   heap_4.o
        64          4          0          0          0        503   led.o
       148          0          0          0          0       3094   list.o
      2610       1146        396         48        812      70132   main.o
       172         22          0          0          0       2093   misc.o
       950        320          0         12          0      10257   port.o
      2164        238          0          0         64      13021   queue.o
        64         26        304          0       1536        808   startup_stm32f10x_hd.o
       314          0          0          0          0       4296   stm32f10x_gpio.o
        20          0          0          0          0       2533   stm32f10x_it.o
       340         44          0         20          0       5648   stm32f10x_rcc.o
       744        106          0          0          0       5492   stm32f10x_tim.o
       408          6          0          0          0       5054   stm32f10x_usart.o
         0          0          0          8          0       1781   structure.o
         0          0          0          0          0         32   sys.o
       328         28          0         20          0       2137   system_stm32f10x.o
      4256        986          0         60        740      33909   tasks.o
       276         42          0          0       4096       1973   timer3.o
      1310        312          0         20         40       8563   timers.o
       408         44          0          8       1024       3432   uart2.o
       332         28          0          6        200       4200   usart.o
      1040        340          0          0          0       4150   wifi.o

    ----------------------------------------------------------------------
     18858       3998        744        236      18752     417093   Object Totals
         0          0         32          0          0          0   (incl. Generated)
        28          0          0          2          0          0   (incl. Padding)

    ----------------------------------------------------------------------

      Code (inc. data)   RO Data    RW Data    ZI Data      Debug   Library Member Name

        24          4          0          0          0         84   __2printf.o
        44          6          0          0          0         84   __2sprintf.o
         8          0          0          0          0         68   __main.o
       392          4         17          0          0         92   __printf_flags_ss_wp.o
        14          0          0          0          0         68   __printf_wp.o
         0          0          0          0          0          0   __rtentry.o
        12          0          0          0          0          0   __rtentry2.o
         6          0          0          0          0          0   __rtentry4.o
        52          8          0          0          0          0   __scatter.o
        26          0          0          0          0          0   __scatter_copy.o
        28          0          0          0          0          0   __scatter_zi.o
         6          0          0          0          0          0   _printf_a.o
         6          0          0          0          0          0   _printf_c.o
        44          0          0          0          0        108   _printf_char.o
        48          6          0          0          0         96   _printf_char_common.o
        36          4          0          0          0         80   _printf_char_file.o
        40          0          0          0          0         68   _printf_charcount.o
         6          0          0          0          0          0   _printf_d.o
       120         16          0          0          0         92   _printf_dec.o
         6          0          0          0          0          0   _printf_e.o
         6          0          0          0          0          0   _printf_f.o
      1054          0          0          0          0        216   _printf_fp_dec.o
       128         16          0          0          0         84   _printf_fp_infnan.o
         6          0          0          0          0          0   _printf_g.o
       148          4         40          0          0        160   _printf_hex_int_ll_ptr.o
         6          0          0          0          0          0   _printf_i.o
       178          0          0          0          0         88   _printf_intcommon.o
        10          0          0          0          0          0   _printf_l.o
         6          0          0          0          0          0   _printf_lc.o
        10          0          0          0          0          0   _printf_ll.o
         6          0          0          0          0          0   _printf_lld.o
         6          0          0          0          0          0   _printf_lli.o
         6          0          0          0          0          0   _printf_llo.o
         6          0          0          0          0          0   _printf_llu.o
         6          0          0          0          0          0   _printf_llx.o
       124         16          0          0          0         92   _printf_longlong_dec.o
         6          0          0          0          0          0   _printf_ls.o
         6          0          0          0          0          0   _printf_n.o
         6          0          0          0          0          0   _printf_o.o
       112         10          0          0          0        124   _printf_oct_int_ll.o
         6          0          0          0          0          0   _printf_p.o
        78          0          0          0          0        108   _printf_pad.o
         0          0          0          0          0          0   _printf_percent.o
         4          0          0          0          0          0   _printf_percent_end.o
         6          0          0          0          0          0   _printf_s.o
        82          0          0          0          0         80   _printf_str.o
        36          0          0          0          0         84   _printf_truncate.o
         6          0          0          0          0          0   _printf_u.o
        44          0          0          0          0        108   _printf_wchar.o
       188          6          8          0          0         92   _printf_wctomb.o
         6          0          0          0          0          0   _printf_x.o
        10          0          0          0          0         68   _sputc.o
        64          0          0          0          0         92   _wcrtomb.o
        16          0          0          0          0         68   aeabi_memset.o
       228          4        148          0          0         96   bigflt0.o
      1936        128          0          0          0        672   btod.o
        36          4          0          0          0         76   c89vsprintf.o
        18          0          0          0          0         80   exit.o
         8          0          0          0          0         68   ferror.o
         6          0          0          0          0        152   heapauxi.o
        44         10        272          0          0         76   lc_ctype_c.o
        44         10         28          0          0         76   lc_numeric_c.o
         2          0          0          0          0          0   libinit.o
        30          0          0          0          0          0   libinit2.o
         2          0          0          0          0          0   libshutdown.o
         2          0          0          0          0          0   libshutdown2.o
         8          4          0          0         96         68   libspace.o
       138          0          0          0          0         80   lludiv10.o
        16          4          0          0          0         76   rt_ctype_table.o
         8          4          0          0          0         68   rt_locale_intlibspace.o
        68          0          0          0          0         68   rt_memclr.o
        78          0          0          0          0         80   rt_memclr_w.o
       138          0          0          0          0         68   rt_memcpy_v6.o
       100          0          0          0          0         80   rt_memcpy_w.o
         2          0          0          0          0          0   rtexit.o
        10          0          0          0          0          0   rtexit2.o
       128          0          0          0          0         68   strcmpv7m.o
        72          0          0          0          0         80   strcpy.o
        62          0          0          0          0         76   strlen.o
        36          0          0          0          0         80   strstr.o
        74          0          0          0          0         80   sys_stackheap_outer.o
         2          0          0          0          0         68   use_no_semi.o
         2          0          0          0          0         68   use_no_semi_2.o
        98          4          0          0          0         92   d2f.o
       804         16          0          0          0        272   daddsub_clz.o
       688        140          0          0          0        208   ddiv.o
        38          0          0          0          0         68   dflt_clz.o
       156          4          0          0          0         92   dnaninf.o
        12          0          0          0          0         68   dretinf.o
        86          4          0          0          0         84   f2d.o
       388         76          0          0          0         96   fdiv.o
        38          0          0          0          0         68   fflt_clz.o
       258          4          0          0          0         84   fmul.o
       140          4          0          0          0         84   fnaninf.o
        10          0          0          0          0         68   fretinf.o
         4          0          0          0          0         68   printf1.o
         0          0          0          0          0          0   usenofp.o
        40          0          0          0          0         68   fpclassify.o

    ----------------------------------------------------------------------
      9382        520        516          0        100       6128   Library Totals
        24          0          3          0          4          0   (incl. Padding)

    ----------------------------------------------------------------------

      Code (inc. data)   RO Data    RW Data    ZI Data      Debug   Library Name

      6598        268        513          0         96       4708   c_w.l
      2720        252          0          0          0       1352   fz_ws.l
        40          0          0          0          0         68   m_ws.l

    ----------------------------------------------------------------------
      9382        520        516          0        100       6128   Library Totals

    ----------------------------------------------------------------------

==============================================================================


      Code (inc. data)   RO Data    RW Data    ZI Data      Debug   

     28240       4518       1260        236      18852     411465   Grand Totals
     28240       4518       1260        236      18852     411465   ELF Image Totals
     28240       4518       1260        236          0          0   ROM Totals

==============================================================================

    Total RO  Size (Code + RO Data)                29500 (  28.81kB)
    Total RW  Size (RW Data + ZI Data)             19088 (  18.64kB)
    Total ROM Size (Code + RO Data + RW Data)      29736 (  29.04kB)

==============================================================================

